INFO     utils.utils:conftest.py:33 Connecting to WebDriver on http://127.0.0.1:4723 for device 'Galaxy S24 Ultra'
INFO     utils.utils:conftest.py:85 App opened without logging in.
INFO     utils.common_flows:common_flows.py:28 Generated user info - Phone Number: 09192751241, National Code: 6715562733, Username: boxtest1
INFO     utils.common_flows:common_flows.py:35 Clicked on 'Allow' button for notification permission.
INFO     utils.common_flows:common_flows.py:40 کلیک روی دکمه 'ایجاد حساب کاربری'...
INFO     utils.common_flows:common_flows.py:47 No nCreate Account button displayed, continuing.
INFO     utils.common_flows:common_flows.py:53 Clicked on 'Allow' button for notification permission.
INFO     utils.common_flows:common_flows.py:59 کلیک روی دکمه 'باز کردن حساب'...
INFO     utils.common_flows:common_flows.py:62 دکمه 'باز کردن حساب' کلیک شد.
INFO     utils.common_flows:common_flows.py:66 انتخاب سرور 'UAT'...
INFO     utils.common_flows:common_flows.py:69 سرور 'UAT' انتخاب شد.
INFO     utils.common_flows:common_flows.py:187 کلیک روی دکمه 'شروع'...
INFO     utils.common_flows:common_flows.py:190 دکمه 'شروع' کلیک شد.
INFO     utils.common_flows:common_flows.py:199 متن صفحه موافقت با قوانین و شرایط، صحیح است: بازکردن حساب در بلو
INFO     utils.common_flows:common_flows.py:212 متن صفحه موافقت با قوانین و شرایط، صحیح است: تکمیل مراحل زیر، فقط چند دقیقه زمان نیاز دارد
INFO     utils.common_flows:common_flows.py:225 متن صفحه موافقت با قوانین و شرایط، صحیح است: ساخت حساب کاربری
INFO     utils.common_flows:common_flows.py:238 متن صفحه موافقت با قوانین و شرایط، صحیح است: در این مرحله اطلاعات خودتان را وارد می‌کنید و رمز عبور انتخاب می‌کنید.
INFO     utils.common_flows:common_flows.py:264 متن صفحه موافقت با قوانین و شرایط، صحیح است: شناسایی هویت شما
INFO     utils.common_flows:common_flows.py:277 متن صفحه موافقت با قوانین و شرایط، صحیح است: بررسی اطلاعات شما توسط بلو
INFO     utils.common_flows:common_flows.py:290 متن صفحه موافقت با قوانین و شرایط، صحیح است: سفارش رایگان بلوکارت
INFO     utils.common_flows:common_flows.py:303 متن صفحه موافقت با قوانین و شرایط، صحیح است: قوانین و شرایط را خواندم و قبول می‌کنم
INFO     utils.common_flows:common_flows.py:316 متن دکمه ادامه در صفحه موافقت با قوانین و شرایط، صحیح است: ادامه
INFO     utils.common_flows:common_flows.py:326 Initial switch status: OFF
INFO     utils.common_flows:common_flows.py:329 Switch status after toggle: ON
INFO     utils.common_flows:common_flows.py:333 کلیک روی دکمه 'تایید'...
INFO     utils.common_flows:common_flows.py:335 دکمه 'تایید' کلیک شد و به صفحه وارد کردن شماره تلفن هدایت شد.
INFO     utils.common_flows:common_flows.py:344 متن صفحه شماره تلفن، صحیح است: ساخت حساب کاربری
INFO     utils.common_flows:common_flows.py:357 متن صفحه شماره تلفن، صحیح است: شماره تلفن همراه خود را وارد کنید
INFO     utils.common_flows:common_flows.py:370 متن صفحه شماره تلفن، صحیح است: مانند: ۶۷۸۹ ۳۴۵ ۰۹۱۲
INFO     utils.common_flows:common_flows.py:383 متن صفحه شماره تلفن، صحیح است: در ادامه کد تایید برای شما ارسال می‌شود
INFO     utils.common_flows:common_flows.py:394 شماره تلفن وارد شد: 09192751241
INFO     utils.common_flows:common_flows.py:399 دکمه 'بعدی' کلیک شد.
ERROR    utils.common_flows:common_flows.py:654 خطا رخ داد: Message: 
Stacktrace:
NoSuchElementError: An element could not be located on the page using the given search parameters.
    at AndroidUiautomator2Driver.findElOrEls (C:\Users\a.jamshidi\.appium\node_modules\appium-uiautomator2-driver\node_modules\appium-android-driver\lib\commands\find.ts:86:11)
    at processTicksAndRejections (node:internal/process/task_queues:95:5)
    at AndroidUiautomator2Driver.findElOrElsWithProcessing (C:\Users\a.jamshidi\AppData\Roaming\npm\node_modules\appium\node_modules\@appium\base-driver\lib\basedriver\commands\find.ts:60:12)
    at AndroidUiautomator2Driver.findElement (C:\Users\a.jamshidi\AppData\Roaming\npm\node_modules\appium\node_modules\@appium\base-driver\lib\basedriver\commands\find.ts:75:12)
INFO     utils.utils:conftest.py:42 Closing WebDriver connection.
INFO     utils.utils:conftest.py:33 Connecting to WebDriver on http://127.0.0.1:4723 for device 'Galaxy S24 Ultra'
INFO     utils.utils:conftest.py:85 App opened without logging in.
INFO     utils.common_flows:common_flows.py:28 Generated user info - Phone Number: 09143183260, National Code: 8582354517, Username: boxtest2
INFO     utils.common_flows:common_flows.py:35 Clicked on 'Allow' button for notification permission.
INFO     utils.common_flows:common_flows.py:40 کلیک روی دکمه 'ایجاد حساب کاربری'...
INFO     utils.common_flows:common_flows.py:47 No nCreate Account button displayed, continuing.
INFO     utils.common_flows:common_flows.py:53 Clicked on 'Allow' button for notification permission.
INFO     utils.common_flows:common_flows.py:59 کلیک روی دکمه 'باز کردن حساب'...
INFO     utils.common_flows:common_flows.py:62 دکمه 'باز کردن حساب' کلیک شد.
INFO     utils.common_flows:common_flows.py:66 انتخاب سرور 'UAT'...
INFO     utils.common_flows:common_flows.py:69 سرور 'UAT' انتخاب شد.
INFO     utils.common_flows:common_flows.py:187 کلیک روی دکمه 'شروع'...
INFO     utils.common_flows:common_flows.py:190 دکمه 'شروع' کلیک شد.
INFO     utils.common_flows:common_flows.py:199 متن صفحه موافقت با قوانین و شرایط، صحیح است: بازکردن حساب در بلو
INFO     utils.common_flows:common_flows.py:212 متن صفحه موافقت با قوانین و شرایط، صحیح است: تکمیل مراحل زیر، فقط چند دقیقه زمان نیاز دارد
INFO     utils.common_flows:common_flows.py:225 متن صفحه موافقت با قوانین و شرایط، صحیح است: ساخت حساب کاربری
INFO     utils.common_flows:common_flows.py:238 متن صفحه موافقت با قوانین و شرایط، صحیح است: در این مرحله اطلاعات خودتان را وارد می‌کنید و رمز عبور انتخاب می‌کنید.
INFO     utils.common_flows:common_flows.py:264 متن صفحه موافقت با قوانین و شرایط، صحیح است: شناسایی هویت شما
INFO     utils.common_flows:common_flows.py:277 متن صفحه موافقت با قوانین و شرایط، صحیح است: بررسی اطلاعات شما توسط بلو
INFO     utils.common_flows:common_flows.py:290 متن صفحه موافقت با قوانین و شرایط، صحیح است: سفارش رایگان بلوکارت
INFO     utils.common_flows:common_flows.py:303 متن صفحه موافقت با قوانین و شرایط، صحیح است: قوانین و شرایط را خواندم و قبول می‌کنم
INFO     utils.common_flows:common_flows.py:316 متن دکمه ادامه در صفحه موافقت با قوانین و شرایط، صحیح است: ادامه
INFO     utils.common_flows:common_flows.py:326 Initial switch status: OFF
INFO     utils.common_flows:common_flows.py:329 Switch status after toggle: ON
INFO     utils.common_flows:common_flows.py:333 کلیک روی دکمه 'تایید'...
INFO     utils.common_flows:common_flows.py:335 دکمه 'تایید' کلیک شد و به صفحه وارد کردن شماره تلفن هدایت شد.
INFO     utils.common_flows:common_flows.py:344 متن صفحه شماره تلفن، صحیح است: ساخت حساب کاربری
INFO     utils.common_flows:common_flows.py:357 متن صفحه شماره تلفن، صحیح است: شماره تلفن همراه خود را وارد کنید
INFO     utils.common_flows:common_flows.py:370 متن صفحه شماره تلفن، صحیح است: مانند: ۶۷۸۹ ۳۴۵ ۰۹۱۲
INFO     utils.common_flows:common_flows.py:383 متن صفحه شماره تلفن، صحیح است: در ادامه کد تایید برای شما ارسال می‌شود
INFO     utils.common_flows:common_flows.py:394 شماره تلفن وارد شد: 09143183260
INFO     utils.common_flows:common_flows.py:399 دکمه 'بعدی' کلیک شد.
INFO     utils.common_flows:common_flows.py:409 متن ریفرال صحیح است: مانند:‌ MDMGKP
INFO     utils.common_flows:common_flows.py:423 متن صفحه ریفرال، صحیح است: کد معرف خود را وارد کنید (اختیاری)
INFO     utils.common_flows:common_flows.py:432 دکمه 'بعدی' کلیک شد.
INFO     utils.common_flows:common_flows.py:441 متن صفحه کدملی، صحیح است: کد ملی خود را وارد کنید
INFO     utils.common_flows:common_flows.py:455 متن کد ملی صحیح است: کد ملی ۱۰ رقمی
INFO     utils.common_flows:common_flows.py:464 کدملی وارد شد: 8582354517
INFO     utils.common_flows:common_flows.py:468 دکمه 'بعدی' کلیک شد.
INFO     utils.common_flows:common_flows.py:477 متن صفحه تاریخ تولد، صحیح است: تاریخ تولد خود را وارد کنید
INFO     utils.common_flows:common_flows.py:490 متن صفحه تاریخ تولد، صحیح است: ۱۳۸۵/۱۲/۰۸
INFO     utils.common_flows:common_flows.py:501 سال با موفقیت اسکرول شد.
INFO     utils.common_flows:common_flows.py:505 دکمه 'بعدی' کلیک شد.
INFO     utils.common_flows:common_flows.py:514 متن صفحه تاریخ تولد، صحیح است: نام کاربری دلخواه خود را وارد کنید
INFO     utils.common_flows:common_flows.py:527 متن صفحه تاریخ تولد، صحیح است: مانند: blu
INFO     utils.common_flows:common_flows.py:538 نام کاربری وارد شد: boxtest2
INFO     utils.common_flows:common_flows.py:542 دکمه 'بعدی' کلیک شد.
INFO     utils.common_flows:common_flows.py:551 متن صفحه رمزعبور، صحیح است: رمز عبور امنی برای خود انتخاب کنید
INFO     utils.common_flows:common_flows.py:564 متن صفحه رمزعبور، صحیح است: رمز عبور
INFO     utils.common_flows:common_flows.py:577 متن صفحه رمزعبور، صحیح است: شامل حروف کوچک و بزرگ انگلیسی
INFO     utils.common_flows:common_flows.py:590 متن صفحه رمزعبور، صحیح است: شامل حداقل ۸ کاراکتر
INFO     utils.common_flows:common_flows.py:603 متن صفحه رمزعبور، صحیح است: شامل عدد
INFO     utils.common_flows:common_flows.py:616 متن صفحه رمزعبور، صحیح است: رمز عبور شما همان رمز بانکی شماست!
INFO     utils.common_flows:common_flows.py:627 رمز عبور وارد شد.
INFO     utils.common_flows:common_flows.py:631 دکمه 'بعدی' کلیک شد.
INFO     utils.common_flows:common_flows.py:651 دکمه 'ادامه' کلیک شد.
INFO     utils.config:test_birth_certificate_old_upload.py:125 کلیک بر روی اولین شغل
INFO     utils.config:test_birth_certificate_old_upload.py:128 اولین شغل از لیست انتخاب شد.
INFO     utils.config:test_birth_certificate_old_upload.py:129 کلیک روی دکمه تایید...
INFO     utils.config:test_birth_certificate_old_upload.py:131 دکمه 'ادامه' کلیک شد.
INFO     utils.config:test_birth_certificate_old_upload.py:134 ویدیو آموزشی در حال پخش است ...
INFO     utils.config:test_birth_certificate_old_upload.py:137 ویدیو آموزشی پخش و بر روی ادامه کلیک شد.
INFO     utils.config:test_birth_certificate_old_upload.py:142 مجوز دوربین تأیید شد.
INFO     utils.config:test_birth_certificate_old_upload.py:144 محوز میکروفون تایید شد.
INFO     utils.config:test_birth_certificate_old_upload.py:151 دوربین سلفی جهت فیلم برداری باز شد...
INFO     utils.config:test_birth_certificate_old_upload.py:154 ضبط ویدیو شروع شد.
INFO     utils.config:test_birth_certificate_old_upload.py:157 ضبط ویدیو متوقف شد.
INFO     utils.config:test_birth_certificate_old_upload.py:159 ویدیو آپلود شد.
INFO     utils.config:test_birth_certificate_old_upload.py:164 آپلود ویدیو تایید شد.
INFO     utils.config:test_birth_certificate_old_upload.py:170 مراحل ایجاد حساب کاربری با موفقیت به پایان رسید.
INFO     utils.config:test_birth_certificate_old_upload.py:174 انتقال به صفحه ورود و بررسی نام کاربری...
INFO     utils.config:test_birth_certificate_old_upload.py:182 Username verification successful: boxtest2
INFO     utils.utils:conftest.py:42 Closing WebDriver connection.
INFO     utils.utils:conftest.py:33 Connecting to WebDriver on http://127.0.0.1:4723 for device 'Galaxy S24 Ultra'
INFO     utils.utils:conftest.py:85 App opened without logging in.
INFO     utils.common_flows:common_flows.py:28 Generated user info - Phone Number: 09171922251, National Code: 9494370910, Username: boxtest3
INFO     utils.common_flows:common_flows.py:35 Clicked on 'Allow' button for notification permission.
INFO     utils.common_flows:common_flows.py:40 کلیک روی دکمه 'ایجاد حساب کاربری'...
INFO     utils.common_flows:common_flows.py:45 دکمه 'ایجاد حساب کاربری' کلیک شد.
INFO     utils.common_flows:common_flows.py:53 Clicked on 'Allow' button for notification permission.
INFO     utils.common_flows:common_flows.py:59 کلیک روی دکمه 'باز کردن حساب'...
INFO     utils.common_flows:common_flows.py:62 دکمه 'باز کردن حساب' کلیک شد.
INFO     utils.common_flows:common_flows.py:66 انتخاب سرور 'UAT'...
INFO     utils.common_flows:common_flows.py:69 سرور 'UAT' انتخاب شد.
INFO     utils.common_flows:common_flows.py:187 کلیک روی دکمه 'شروع'...
INFO     utils.common_flows:common_flows.py:190 دکمه 'شروع' کلیک شد.
INFO     utils.common_flows:common_flows.py:199 متن صفحه موافقت با قوانین و شرایط، صحیح است: بازکردن حساب در بلو
INFO     utils.common_flows:common_flows.py:212 متن صفحه موافقت با قوانین و شرایط، صحیح است: تکمیل مراحل زیر، فقط چند دقیقه زمان نیاز دارد
INFO     utils.common_flows:common_flows.py:225 متن صفحه موافقت با قوانین و شرایط، صحیح است: ساخت حساب کاربری
INFO     utils.common_flows:common_flows.py:238 متن صفحه موافقت با قوانین و شرایط، صحیح است: در این مرحله اطلاعات خودتان را وارد می‌کنید و رمز عبور انتخاب می‌کنید.
INFO     utils.common_flows:common_flows.py:264 متن صفحه موافقت با قوانین و شرایط، صحیح است: شناسایی هویت شما
INFO     utils.common_flows:common_flows.py:277 متن صفحه موافقت با قوانین و شرایط، صحیح است: بررسی اطلاعات شما توسط بلو
INFO     utils.common_flows:common_flows.py:290 متن صفحه موافقت با قوانین و شرایط، صحیح است: سفارش رایگان بلوکارت
INFO     utils.common_flows:common_flows.py:303 متن صفحه موافقت با قوانین و شرایط، صحیح است: قوانین و شرایط را خواندم و قبول می‌کنم
INFO     utils.common_flows:common_flows.py:316 متن دکمه ادامه در صفحه موافقت با قوانین و شرایط، صحیح است: ادامه
INFO     utils.common_flows:common_flows.py:326 Initial switch status: OFF
INFO     utils.common_flows:common_flows.py:329 Switch status after toggle: ON
INFO     utils.common_flows:common_flows.py:333 کلیک روی دکمه 'تایید'...
INFO     utils.common_flows:common_flows.py:335 دکمه 'تایید' کلیک شد و به صفحه وارد کردن شماره تلفن هدایت شد.
INFO     utils.common_flows:common_flows.py:344 متن صفحه شماره تلفن، صحیح است: ساخت حساب کاربری
INFO     utils.common_flows:common_flows.py:357 متن صفحه شماره تلفن، صحیح است: شماره تلفن همراه خود را وارد کنید
INFO     utils.common_flows:common_flows.py:370 متن صفحه شماره تلفن، صحیح است: مانند: ۶۷۸۹ ۳۴۵ ۰۹۱۲
INFO     utils.common_flows:common_flows.py:383 متن صفحه شماره تلفن، صحیح است: در ادامه کد تایید برای شما ارسال می‌شود
INFO     utils.common_flows:common_flows.py:394 شماره تلفن وارد شد: 09171922251
INFO     utils.common_flows:common_flows.py:399 دکمه 'بعدی' کلیک شد.
INFO     utils.common_flows:common_flows.py:409 متن ریفرال صحیح است: مانند:‌ MDMGKP
INFO     utils.common_flows:common_flows.py:423 متن صفحه ریفرال، صحیح است: کد معرف خود را وارد کنید (اختیاری)
INFO     utils.common_flows:common_flows.py:432 دکمه 'بعدی' کلیک شد.
INFO     utils.common_flows:common_flows.py:441 متن صفحه کدملی، صحیح است: کد ملی خود را وارد کنید
INFO     utils.common_flows:common_flows.py:455 متن کد ملی صحیح است: کد ملی ۱۰ رقمی
INFO     utils.common_flows:common_flows.py:464 کدملی وارد شد: 9494370910
INFO     utils.common_flows:common_flows.py:468 دکمه 'بعدی' کلیک شد.
INFO     utils.common_flows:common_flows.py:477 متن صفحه تاریخ تولد، صحیح است: تاریخ تولد خود را وارد کنید
INFO     utils.common_flows:common_flows.py:490 متن صفحه تاریخ تولد، صحیح است: ۱۳۸۵/۱۲/۰۸
INFO     utils.common_flows:common_flows.py:501 سال با موفقیت اسکرول شد.
INFO     utils.common_flows:common_flows.py:505 دکمه 'بعدی' کلیک شد.
INFO     utils.common_flows:common_flows.py:514 متن صفحه تاریخ تولد، صحیح است: نام کاربری دلخواه خود را وارد کنید
INFO     utils.common_flows:common_flows.py:527 متن صفحه تاریخ تولد، صحیح است: مانند: blu
INFO     utils.common_flows:common_flows.py:538 نام کاربری وارد شد: boxtest3
INFO     utils.common_flows:common_flows.py:542 دکمه 'بعدی' کلیک شد.
INFO     utils.common_flows:common_flows.py:551 متن صفحه رمزعبور، صحیح است: رمز عبور امنی برای خود انتخاب کنید
INFO     utils.common_flows:common_flows.py:564 متن صفحه رمزعبور، صحیح است: رمز عبور
INFO     utils.common_flows:common_flows.py:577 متن صفحه رمزعبور، صحیح است: شامل حروف کوچک و بزرگ انگلیسی
INFO     utils.common_flows:common_flows.py:590 متن صفحه رمزعبور، صحیح است: شامل حداقل ۸ کاراکتر
INFO     utils.common_flows:common_flows.py:603 متن صفحه رمزعبور، صحیح است: شامل عدد
INFO     utils.common_flows:common_flows.py:616 متن صفحه رمزعبور، صحیح است: رمز عبور شما همان رمز بانکی شماست!
INFO     utils.common_flows:common_flows.py:627 رمز عبور وارد شد.
INFO     utils.common_flows:common_flows.py:631 دکمه 'بعدی' کلیک شد.
INFO     utils.common_flows:common_flows.py:651 دکمه 'ادامه' کلیک شد.
INFO     utils.config:test_birth_certificate_old_upload.py:125 کلیک بر روی اولین شغل
INFO     utils.config:test_birth_certificate_old_upload.py:128 اولین شغل از لیست انتخاب شد.
INFO     utils.config:test_birth_certificate_old_upload.py:129 کلیک روی دکمه تایید...
INFO     utils.config:test_birth_certificate_old_upload.py:131 دکمه 'ادامه' کلیک شد.
INFO     utils.config:test_birth_certificate_old_upload.py:134 ویدیو آموزشی در حال پخش است ...
INFO     utils.config:test_birth_certificate_old_upload.py:137 ویدیو آموزشی پخش و بر روی ادامه کلیک شد.
INFO     utils.config:test_birth_certificate_old_upload.py:142 مجوز دوربین تأیید شد.
INFO     utils.config:test_birth_certificate_old_upload.py:144 محوز میکروفون تایید شد.
INFO     utils.config:test_birth_certificate_old_upload.py:151 دوربین سلفی جهت فیلم برداری باز شد...
INFO     utils.config:test_birth_certificate_old_upload.py:154 ضبط ویدیو شروع شد.
INFO     utils.config:test_birth_certificate_old_upload.py:157 ضبط ویدیو متوقف شد.
INFO     utils.config:test_birth_certificate_old_upload.py:159 ویدیو آپلود شد.
INFO     utils.config:test_birth_certificate_old_upload.py:164 آپلود ویدیو تایید شد.
INFO     utils.config:test_birth_certificate_old_upload.py:170 مراحل ایجاد حساب کاربری با موفقیت به پایان رسید.
INFO     utils.config:test_birth_certificate_old_upload.py:174 انتقال به صفحه ورود و بررسی نام کاربری...
INFO     utils.config:test_birth_certificate_old_upload.py:182 Username verification successful: boxtest3
INFO     utils.utils:conftest.py:42 Closing WebDriver connection.
INFO     utils.utils:conftest.py:33 Connecting to WebDriver on http://127.0.0.1:4723 for device 'Galaxy S24 Ultra'
INFO     utils.utils:conftest.py:85 App opened without logging in.
INFO     utils.common_flows:common_flows.py:28 Generated user info - Phone Number: 09158126927, National Code: 3455333516, Username: boxtest4
INFO     utils.common_flows:common_flows.py:35 Clicked on 'Allow' button for notification permission.
INFO     utils.common_flows:common_flows.py:40 کلیک روی دکمه 'ایجاد حساب کاربری'...
INFO     utils.common_flows:common_flows.py:45 دکمه 'ایجاد حساب کاربری' کلیک شد.
INFO     utils.common_flows:common_flows.py:53 Clicked on 'Allow' button for notification permission.
INFO     utils.common_flows:common_flows.py:59 کلیک روی دکمه 'باز کردن حساب'...
INFO     utils.common_flows:common_flows.py:62 دکمه 'باز کردن حساب' کلیک شد.
INFO     utils.common_flows:common_flows.py:66 انتخاب سرور 'UAT'...
INFO     utils.common_flows:common_flows.py:69 سرور 'UAT' انتخاب شد.
INFO     utils.common_flows:common_flows.py:187 کلیک روی دکمه 'شروع'...
INFO     utils.common_flows:common_flows.py:190 دکمه 'شروع' کلیک شد.
INFO     utils.common_flows:common_flows.py:199 متن صفحه موافقت با قوانین و شرایط، صحیح است: بازکردن حساب در بلو
INFO     utils.common_flows:common_flows.py:212 متن صفحه موافقت با قوانین و شرایط، صحیح است: تکمیل مراحل زیر، فقط چند دقیقه زمان نیاز دارد
INFO     utils.common_flows:common_flows.py:225 متن صفحه موافقت با قوانین و شرایط، صحیح است: ساخت حساب کاربری
INFO     utils.common_flows:common_flows.py:238 متن صفحه موافقت با قوانین و شرایط، صحیح است: در این مرحله اطلاعات خودتان را وارد می‌کنید و رمز عبور انتخاب می‌کنید.
INFO     utils.common_flows:common_flows.py:264 متن صفحه موافقت با قوانین و شرایط، صحیح است: شناسایی هویت شما
INFO     utils.common_flows:common_flows.py:277 متن صفحه موافقت با قوانین و شرایط، صحیح است: بررسی اطلاعات شما توسط بلو
INFO     utils.common_flows:common_flows.py:290 متن صفحه موافقت با قوانین و شرایط، صحیح است: سفارش رایگان بلوکارت
INFO     utils.common_flows:common_flows.py:303 متن صفحه موافقت با قوانین و شرایط، صحیح است: قوانین و شرایط را خواندم و قبول می‌کنم
INFO     utils.common_flows:common_flows.py:316 متن دکمه ادامه در صفحه موافقت با قوانین و شرایط، صحیح است: ادامه
INFO     utils.common_flows:common_flows.py:326 Initial switch status: OFF
INFO     utils.common_flows:common_flows.py:329 Switch status after toggle: ON
INFO     utils.common_flows:common_flows.py:333 کلیک روی دکمه 'تایید'...
INFO     utils.common_flows:common_flows.py:335 دکمه 'تایید' کلیک شد و به صفحه وارد کردن شماره تلفن هدایت شد.
INFO     utils.common_flows:common_flows.py:344 متن صفحه شماره تلفن، صحیح است: ساخت حساب کاربری
INFO     utils.common_flows:common_flows.py:357 متن صفحه شماره تلفن، صحیح است: شماره تلفن همراه خود را وارد کنید
INFO     utils.common_flows:common_flows.py:370 متن صفحه شماره تلفن، صحیح است: مانند: ۶۷۸۹ ۳۴۵ ۰۹۱۲
INFO     utils.common_flows:common_flows.py:383 متن صفحه شماره تلفن، صحیح است: در ادامه کد تایید برای شما ارسال می‌شود
INFO     utils.common_flows:common_flows.py:394 شماره تلفن وارد شد: 09158126927
INFO     utils.common_flows:common_flows.py:399 دکمه 'بعدی' کلیک شد.
INFO     utils.common_flows:common_flows.py:409 متن ریفرال صحیح است: مانند:‌ MDMGKP
INFO     utils.common_flows:common_flows.py:423 متن صفحه ریفرال، صحیح است: کد معرف خود را وارد کنید (اختیاری)
INFO     utils.common_flows:common_flows.py:432 دکمه 'بعدی' کلیک شد.
INFO     utils.common_flows:common_flows.py:441 متن صفحه کدملی، صحیح است: کد ملی خود را وارد کنید
INFO     utils.common_flows:common_flows.py:455 متن کد ملی صحیح است: کد ملی ۱۰ رقمی
INFO     utils.common_flows:common_flows.py:464 کدملی وارد شد: 3455333516
INFO     utils.common_flows:common_flows.py:468 دکمه 'بعدی' کلیک شد.
INFO     utils.common_flows:common_flows.py:477 متن صفحه تاریخ تولد، صحیح است: تاریخ تولد خود را وارد کنید
INFO     utils.common_flows:common_flows.py:490 متن صفحه تاریخ تولد، صحیح است: ۱۳۸۵/۱۲/۰۸
INFO     utils.common_flows:common_flows.py:501 سال با موفقیت اسکرول شد.
INFO     utils.common_flows:common_flows.py:505 دکمه 'بعدی' کلیک شد.
INFO     utils.common_flows:common_flows.py:514 متن صفحه تاریخ تولد، صحیح است: نام کاربری دلخواه خود را وارد کنید
INFO     utils.common_flows:common_flows.py:527 متن صفحه تاریخ تولد، صحیح است: مانند: blu
INFO     utils.common_flows:common_flows.py:538 نام کاربری وارد شد: boxtest4
INFO     utils.common_flows:common_flows.py:542 دکمه 'بعدی' کلیک شد.
INFO     utils.common_flows:common_flows.py:551 متن صفحه رمزعبور، صحیح است: رمز عبور امنی برای خود انتخاب کنید
INFO     utils.common_flows:common_flows.py:564 متن صفحه رمزعبور، صحیح است: رمز عبور
INFO     utils.common_flows:common_flows.py:577 متن صفحه رمزعبور، صحیح است: شامل حروف کوچک و بزرگ انگلیسی
INFO     utils.common_flows:common_flows.py:590 متن صفحه رمزعبور، صحیح است: شامل حداقل ۸ کاراکتر
INFO     utils.common_flows:common_flows.py:603 متن صفحه رمزعبور، صحیح است: شامل عدد
INFO     utils.common_flows:common_flows.py:616 متن صفحه رمزعبور، صحیح است: رمز عبور شما همان رمز بانکی شماست!
INFO     utils.common_flows:common_flows.py:627 رمز عبور وارد شد.
INFO     utils.common_flows:common_flows.py:631 دکمه 'بعدی' کلیک شد.
INFO     utils.common_flows:common_flows.py:651 دکمه 'ادامه' کلیک شد.
INFO     utils.config:test_birth_certificate_old_upload.py:125 کلیک بر روی اولین شغل
INFO     utils.config:test_birth_certificate_old_upload.py:128 اولین شغل از لیست انتخاب شد.
INFO     utils.config:test_birth_certificate_old_upload.py:129 کلیک روی دکمه تایید...
INFO     utils.config:test_birth_certificate_old_upload.py:131 دکمه 'ادامه' کلیک شد.
INFO     utils.config:test_birth_certificate_old_upload.py:134 ویدیو آموزشی در حال پخش است ...
INFO     utils.config:test_birth_certificate_old_upload.py:137 ویدیو آموزشی پخش و بر روی ادامه کلیک شد.
INFO     utils.config:test_birth_certificate_old_upload.py:142 مجوز دوربین تأیید شد.
INFO     utils.config:test_birth_certificate_old_upload.py:144 محوز میکروفون تایید شد.
INFO     utils.config:test_birth_certificate_old_upload.py:151 دوربین سلفی جهت فیلم برداری باز شد...
INFO     utils.config:test_birth_certificate_old_upload.py:154 ضبط ویدیو شروع شد.
INFO     utils.config:test_birth_certificate_old_upload.py:157 ضبط ویدیو متوقف شد.
INFO     utils.config:test_birth_certificate_old_upload.py:159 ویدیو آپلود شد.
INFO     utils.config:test_birth_certificate_old_upload.py:164 آپلود ویدیو تایید شد.
INFO     utils.config:test_birth_certificate_old_upload.py:170 مراحل ایجاد حساب کاربری با موفقیت به پایان رسید.
INFO     utils.config:test_birth_certificate_old_upload.py:174 انتقال به صفحه ورود و بررسی نام کاربری...
INFO     utils.config:test_birth_certificate_old_upload.py:182 Username verification successful: boxtest4
INFO     utils.utils:conftest.py:42 Closing WebDriver connection.
INFO     utils.utils:conftest.py:33 Connecting to WebDriver on http://127.0.0.1:4723 for device 'Galaxy S24 Ultra'
INFO     utils.utils:conftest.py:85 App opened without logging in.
INFO     utils.common_flows:common_flows.py:28 Generated user info - Phone Number: 09163856067, National Code: 9990731187, Username: boxtest5
INFO     utils.common_flows:common_flows.py:35 Clicked on 'Allow' button for notification permission.
INFO     utils.common_flows:common_flows.py:40 کلیک روی دکمه 'ایجاد حساب کاربری'...
INFO     utils.common_flows:common_flows.py:45 دکمه 'ایجاد حساب کاربری' کلیک شد.
INFO     utils.common_flows:common_flows.py:53 Clicked on 'Allow' button for notification permission.
INFO     utils.common_flows:common_flows.py:59 کلیک روی دکمه 'باز کردن حساب'...
INFO     utils.common_flows:common_flows.py:62 دکمه 'باز کردن حساب' کلیک شد.
INFO     utils.common_flows:common_flows.py:66 انتخاب سرور 'UAT'...
INFO     utils.common_flows:common_flows.py:69 سرور 'UAT' انتخاب شد.
INFO     utils.common_flows:common_flows.py:187 کلیک روی دکمه 'شروع'...
INFO     utils.common_flows:common_flows.py:190 دکمه 'شروع' کلیک شد.
INFO     utils.common_flows:common_flows.py:199 متن صفحه موافقت با قوانین و شرایط، صحیح است: بازکردن حساب در بلو
INFO     utils.common_flows:common_flows.py:212 متن صفحه موافقت با قوانین و شرایط، صحیح است: تکمیل مراحل زیر، فقط چند دقیقه زمان نیاز دارد
INFO     utils.common_flows:common_flows.py:225 متن صفحه موافقت با قوانین و شرایط، صحیح است: ساخت حساب کاربری
INFO     utils.common_flows:common_flows.py:238 متن صفحه موافقت با قوانین و شرایط، صحیح است: در این مرحله اطلاعات خودتان را وارد می‌کنید و رمز عبور انتخاب می‌کنید.
INFO     utils.common_flows:common_flows.py:264 متن صفحه موافقت با قوانین و شرایط، صحیح است: شناسایی هویت شما
INFO     utils.common_flows:common_flows.py:277 متن صفحه موافقت با قوانین و شرایط، صحیح است: بررسی اطلاعات شما توسط بلو
INFO     utils.common_flows:common_flows.py:290 متن صفحه موافقت با قوانین و شرایط، صحیح است: سفارش رایگان بلوکارت
INFO     utils.common_flows:common_flows.py:303 متن صفحه موافقت با قوانین و شرایط، صحیح است: قوانین و شرایط را خواندم و قبول می‌کنم
INFO     utils.common_flows:common_flows.py:316 متن دکمه ادامه در صفحه موافقت با قوانین و شرایط، صحیح است: ادامه
INFO     utils.common_flows:common_flows.py:326 Initial switch status: OFF
INFO     utils.common_flows:common_flows.py:329 Switch status after toggle: ON
INFO     utils.common_flows:common_flows.py:333 کلیک روی دکمه 'تایید'...
INFO     utils.common_flows:common_flows.py:335 دکمه 'تایید' کلیک شد و به صفحه وارد کردن شماره تلفن هدایت شد.
INFO     utils.common_flows:common_flows.py:344 متن صفحه شماره تلفن، صحیح است: ساخت حساب کاربری
INFO     utils.common_flows:common_flows.py:357 متن صفحه شماره تلفن، صحیح است: شماره تلفن همراه خود را وارد کنید
INFO     utils.common_flows:common_flows.py:370 متن صفحه شماره تلفن، صحیح است: مانند: ۶۷۸۹ ۳۴۵ ۰۹۱۲
INFO     utils.common_flows:common_flows.py:383 متن صفحه شماره تلفن، صحیح است: در ادامه کد تایید برای شما ارسال می‌شود
INFO     utils.common_flows:common_flows.py:394 شماره تلفن وارد شد: 09163856067
INFO     utils.common_flows:common_flows.py:399 دکمه 'بعدی' کلیک شد.
INFO     utils.common_flows:common_flows.py:409 متن ریفرال صحیح است: مانند:‌ MDMGKP
INFO     utils.common_flows:common_flows.py:423 متن صفحه ریفرال، صحیح است: کد معرف خود را وارد کنید (اختیاری)
INFO     utils.common_flows:common_flows.py:432 دکمه 'بعدی' کلیک شد.
INFO     utils.common_flows:common_flows.py:441 متن صفحه کدملی، صحیح است: کد ملی خود را وارد کنید
INFO     utils.common_flows:common_flows.py:455 متن کد ملی صحیح است: کد ملی ۱۰ رقمی
INFO     utils.common_flows:common_flows.py:464 کدملی وارد شد: 9990731187
INFO     utils.common_flows:common_flows.py:468 دکمه 'بعدی' کلیک شد.
INFO     utils.common_flows:common_flows.py:477 متن صفحه تاریخ تولد، صحیح است: تاریخ تولد خود را وارد کنید
INFO     utils.common_flows:common_flows.py:490 متن صفحه تاریخ تولد، صحیح است: ۱۳۸۵/۱۲/۰۸
INFO     utils.common_flows:common_flows.py:501 سال با موفقیت اسکرول شد.
INFO     utils.common_flows:common_flows.py:505 دکمه 'بعدی' کلیک شد.
INFO     utils.common_flows:common_flows.py:514 متن صفحه تاریخ تولد، صحیح است: نام کاربری دلخواه خود را وارد کنید
INFO     utils.common_flows:common_flows.py:527 متن صفحه تاریخ تولد، صحیح است: مانند: blu
INFO     utils.common_flows:common_flows.py:538 نام کاربری وارد شد: boxtest5
INFO     utils.common_flows:common_flows.py:542 دکمه 'بعدی' کلیک شد.
INFO     utils.common_flows:common_flows.py:551 متن صفحه رمزعبور، صحیح است: رمز عبور امنی برای خود انتخاب کنید
INFO     utils.common_flows:common_flows.py:564 متن صفحه رمزعبور، صحیح است: رمز عبور
INFO     utils.common_flows:common_flows.py:577 متن صفحه رمزعبور، صحیح است: شامل حروف کوچک و بزرگ انگلیسی
INFO     utils.common_flows:common_flows.py:590 متن صفحه رمزعبور، صحیح است: شامل حداقل ۸ کاراکتر
INFO     utils.common_flows:common_flows.py:603 متن صفحه رمزعبور، صحیح است: شامل عدد
INFO     utils.common_flows:common_flows.py:616 متن صفحه رمزعبور، صحیح است: رمز عبور شما همان رمز بانکی شماست!
INFO     utils.common_flows:common_flows.py:627 رمز عبور وارد شد.
INFO     utils.common_flows:common_flows.py:631 دکمه 'بعدی' کلیک شد.
INFO     utils.common_flows:common_flows.py:651 دکمه 'ادامه' کلیک شد.
INFO     utils.config:test_birth_certificate_old_upload.py:125 کلیک بر روی اولین شغل
INFO     utils.config:test_birth_certificate_old_upload.py:128 اولین شغل از لیست انتخاب شد.
INFO     utils.config:test_birth_certificate_old_upload.py:129 کلیک روی دکمه تایید...
INFO     utils.config:test_birth_certificate_old_upload.py:131 دکمه 'ادامه' کلیک شد.
INFO     utils.config:test_birth_certificate_old_upload.py:134 ویدیو آموزشی در حال پخش است ...
INFO     utils.config:test_birth_certificate_old_upload.py:137 ویدیو آموزشی پخش و بر روی ادامه کلیک شد.
INFO     utils.config:test_birth_certificate_old_upload.py:142 مجوز دوربین تأیید شد.
INFO     utils.config:test_birth_certificate_old_upload.py:144 محوز میکروفون تایید شد.
INFO     utils.config:test_birth_certificate_old_upload.py:151 دوربین سلفی جهت فیلم برداری باز شد...
INFO     utils.config:test_birth_certificate_old_upload.py:154 ضبط ویدیو شروع شد.
INFO     utils.config:test_birth_certificate_old_upload.py:157 ضبط ویدیو متوقف شد.
INFO     utils.config:test_birth_certificate_old_upload.py:159 ویدیو آپلود شد.
INFO     utils.config:test_birth_certificate_old_upload.py:164 آپلود ویدیو تایید شد.
INFO     utils.config:test_birth_certificate_old_upload.py:170 مراحل ایجاد حساب کاربری با موفقیت به پایان رسید.
INFO     utils.config:test_birth_certificate_old_upload.py:174 انتقال به صفحه ورود و بررسی نام کاربری...
INFO     utils.config:test_birth_certificate_old_upload.py:182 Username verification successful: boxtest5
INFO     utils.utils:conftest.py:42 Closing WebDriver connection.
INFO     utils.utils:conftest.py:33 Connecting to WebDriver on http://127.0.0.1:4723 for device 'Galaxy S24 Ultra'
INFO     utils.utils:conftest.py:85 App opened without logging in.
INFO     utils.common_flows:common_flows.py:28 Generated user info - Phone Number: 09193068521, National Code: 2811844856, Username: boxtest6
INFO     utils.common_flows:common_flows.py:35 Clicked on 'Allow' button for notification permission.
INFO     utils.common_flows:common_flows.py:40 کلیک روی دکمه 'ایجاد حساب کاربری'...
INFO     utils.common_flows:common_flows.py:45 دکمه 'ایجاد حساب کاربری' کلیک شد.
INFO     utils.common_flows:common_flows.py:53 Clicked on 'Allow' button for notification permission.
INFO     utils.common_flows:common_flows.py:59 کلیک روی دکمه 'باز کردن حساب'...
INFO     utils.common_flows:common_flows.py:62 دکمه 'باز کردن حساب' کلیک شد.
INFO     utils.common_flows:common_flows.py:66 انتخاب سرور 'UAT'...
INFO     utils.common_flows:common_flows.py:69 سرور 'UAT' انتخاب شد.
INFO     utils.common_flows:common_flows.py:187 کلیک روی دکمه 'شروع'...
INFO     utils.common_flows:common_flows.py:190 دکمه 'شروع' کلیک شد.
INFO     utils.common_flows:common_flows.py:199 متن صفحه موافقت با قوانین و شرایط، صحیح است: بازکردن حساب در بلو
INFO     utils.common_flows:common_flows.py:212 متن صفحه موافقت با قوانین و شرایط، صحیح است: تکمیل مراحل زیر، فقط چند دقیقه زمان نیاز دارد
INFO     utils.common_flows:common_flows.py:225 متن صفحه موافقت با قوانین و شرایط، صحیح است: ساخت حساب کاربری
INFO     utils.common_flows:common_flows.py:238 متن صفحه موافقت با قوانین و شرایط، صحیح است: در این مرحله اطلاعات خودتان را وارد می‌کنید و رمز عبور انتخاب می‌کنید.
INFO     utils.common_flows:common_flows.py:264 متن صفحه موافقت با قوانین و شرایط، صحیح است: شناسایی هویت شما
INFO     utils.common_flows:common_flows.py:277 متن صفحه موافقت با قوانین و شرایط، صحیح است: بررسی اطلاعات شما توسط بلو
INFO     utils.common_flows:common_flows.py:290 متن صفحه موافقت با قوانین و شرایط، صحیح است: سفارش رایگان بلوکارت
INFO     utils.common_flows:common_flows.py:303 متن صفحه موافقت با قوانین و شرایط، صحیح است: قوانین و شرایط را خواندم و قبول می‌کنم
INFO     utils.common_flows:common_flows.py:316 متن دکمه ادامه در صفحه موافقت با قوانین و شرایط، صحیح است: ادامه
INFO     utils.common_flows:common_flows.py:326 Initial switch status: OFF
INFO     utils.common_flows:common_flows.py:329 Switch status after toggle: ON
INFO     utils.common_flows:common_flows.py:333 کلیک روی دکمه 'تایید'...
INFO     utils.common_flows:common_flows.py:335 دکمه 'تایید' کلیک شد و به صفحه وارد کردن شماره تلفن هدایت شد.
INFO     utils.common_flows:common_flows.py:344 متن صفحه شماره تلفن، صحیح است: ساخت حساب کاربری
INFO     utils.common_flows:common_flows.py:357 متن صفحه شماره تلفن، صحیح است: شماره تلفن همراه خود را وارد کنید
INFO     utils.common_flows:common_flows.py:370 متن صفحه شماره تلفن، صحیح است: مانند: ۶۷۸۹ ۳۴۵ ۰۹۱۲
INFO     utils.common_flows:common_flows.py:383 متن صفحه شماره تلفن، صحیح است: در ادامه کد تایید برای شما ارسال می‌شود
INFO     utils.common_flows:common_flows.py:394 شماره تلفن وارد شد: 09193068521
INFO     utils.common_flows:common_flows.py:399 دکمه 'بعدی' کلیک شد.
INFO     utils.common_flows:common_flows.py:409 متن ریفرال صحیح است: مانند:‌ MDMGKP
INFO     utils.common_flows:common_flows.py:423 متن صفحه ریفرال، صحیح است: کد معرف خود را وارد کنید (اختیاری)
INFO     utils.common_flows:common_flows.py:432 دکمه 'بعدی' کلیک شد.
INFO     utils.common_flows:common_flows.py:441 متن صفحه کدملی، صحیح است: کد ملی خود را وارد کنید
INFO     utils.common_flows:common_flows.py:455 متن کد ملی صحیح است: کد ملی ۱۰ رقمی
INFO     utils.common_flows:common_flows.py:464 کدملی وارد شد: 2811844856
INFO     utils.common_flows:common_flows.py:468 دکمه 'بعدی' کلیک شد.
INFO     utils.common_flows:common_flows.py:477 متن صفحه تاریخ تولد، صحیح است: تاریخ تولد خود را وارد کنید
INFO     utils.common_flows:common_flows.py:490 متن صفحه تاریخ تولد، صحیح است: ۱۳۸۵/۱۲/۰۸
INFO     utils.common_flows:common_flows.py:501 سال با موفقیت اسکرول شد.
INFO     utils.common_flows:common_flows.py:505 دکمه 'بعدی' کلیک شد.
INFO     utils.common_flows:common_flows.py:514 متن صفحه تاریخ تولد، صحیح است: نام کاربری دلخواه خود را وارد کنید
INFO     utils.common_flows:common_flows.py:527 متن صفحه تاریخ تولد، صحیح است: مانند: blu
INFO     utils.common_flows:common_flows.py:538 نام کاربری وارد شد: boxtest6
INFO     utils.common_flows:common_flows.py:542 دکمه 'بعدی' کلیک شد.
INFO     utils.common_flows:common_flows.py:551 متن صفحه رمزعبور، صحیح است: رمز عبور امنی برای خود انتخاب کنید
INFO     utils.common_flows:common_flows.py:564 متن صفحه رمزعبور، صحیح است: رمز عبور
INFO     utils.common_flows:common_flows.py:577 متن صفحه رمزعبور، صحیح است: شامل حروف کوچک و بزرگ انگلیسی
INFO     utils.common_flows:common_flows.py:590 متن صفحه رمزعبور، صحیح است: شامل حداقل ۸ کاراکتر
INFO     utils.common_flows:common_flows.py:603 متن صفحه رمزعبور، صحیح است: شامل عدد
INFO     utils.common_flows:common_flows.py:616 متن صفحه رمزعبور، صحیح است: رمز عبور شما همان رمز بانکی شماست!
INFO     utils.common_flows:common_flows.py:627 رمز عبور وارد شد.
INFO     utils.common_flows:common_flows.py:631 دکمه 'بعدی' کلیک شد.
INFO     utils.common_flows:common_flows.py:651 دکمه 'ادامه' کلیک شد.
INFO     utils.config:test_birth_certificate_old_upload.py:125 کلیک بر روی اولین شغل
INFO     utils.config:test_birth_certificate_old_upload.py:128 اولین شغل از لیست انتخاب شد.
INFO     utils.config:test_birth_certificate_old_upload.py:129 کلیک روی دکمه تایید...
INFO     utils.config:test_birth_certificate_old_upload.py:131 دکمه 'ادامه' کلیک شد.
INFO     utils.config:test_birth_certificate_old_upload.py:134 ویدیو آموزشی در حال پخش است ...
INFO     utils.config:test_birth_certificate_old_upload.py:137 ویدیو آموزشی پخش و بر روی ادامه کلیک شد.
INFO     utils.config:test_birth_certificate_old_upload.py:142 مجوز دوربین تأیید شد.
INFO     utils.config:test_birth_certificate_old_upload.py:144 محوز میکروفون تایید شد.
INFO     utils.config:test_birth_certificate_old_upload.py:151 دوربین سلفی جهت فیلم برداری باز شد...
INFO     utils.config:test_birth_certificate_old_upload.py:154 ضبط ویدیو شروع شد.
INFO     utils.config:test_birth_certificate_old_upload.py:157 ضبط ویدیو متوقف شد.
INFO     utils.config:test_birth_certificate_old_upload.py:159 ویدیو آپلود شد.
INFO     utils.config:test_birth_certificate_old_upload.py:164 آپلود ویدیو تایید شد.
INFO     utils.config:test_birth_certificate_old_upload.py:170 مراحل ایجاد حساب کاربری با موفقیت به پایان رسید.
INFO     utils.config:test_birth_certificate_old_upload.py:174 انتقال به صفحه ورود و بررسی نام کاربری...
INFO     utils.config:test_birth_certificate_old_upload.py:182 Username verification successful: boxtest6
INFO     utils.utils:conftest.py:42 Closing WebDriver connection.
INFO     utils.utils:conftest.py:33 Connecting to WebDriver on http://127.0.0.1:4723 for device 'Galaxy S24 Ultra'
INFO     utils.utils:conftest.py:85 App opened without logging in.
INFO     utils.common_flows:common_flows.py:28 Generated user info - Phone Number: 09139569388, National Code: 2112661698, Username: boxtest7
INFO     utils.common_flows:common_flows.py:35 Clicked on 'Allow' button for notification permission.
INFO     utils.common_flows:common_flows.py:40 کلیک روی دکمه 'ایجاد حساب کاربری'...
INFO     utils.common_flows:common_flows.py:45 دکمه 'ایجاد حساب کاربری' کلیک شد.
INFO     utils.common_flows:common_flows.py:53 Clicked on 'Allow' button for notification permission.
INFO     utils.common_flows:common_flows.py:59 کلیک روی دکمه 'باز کردن حساب'...
INFO     utils.common_flows:common_flows.py:62 دکمه 'باز کردن حساب' کلیک شد.
INFO     utils.common_flows:common_flows.py:66 انتخاب سرور 'UAT'...
INFO     utils.common_flows:common_flows.py:69 سرور 'UAT' انتخاب شد.
INFO     utils.common_flows:common_flows.py:187 کلیک روی دکمه 'شروع'...
INFO     utils.common_flows:common_flows.py:190 دکمه 'شروع' کلیک شد.
INFO     utils.common_flows:common_flows.py:199 متن صفحه موافقت با قوانین و شرایط، صحیح است: بازکردن حساب در بلو
INFO     utils.common_flows:common_flows.py:212 متن صفحه موافقت با قوانین و شرایط، صحیح است: تکمیل مراحل زیر، فقط چند دقیقه زمان نیاز دارد
INFO     utils.common_flows:common_flows.py:225 متن صفحه موافقت با قوانین و شرایط، صحیح است: ساخت حساب کاربری
INFO     utils.common_flows:common_flows.py:238 متن صفحه موافقت با قوانین و شرایط، صحیح است: در این مرحله اطلاعات خودتان را وارد می‌کنید و رمز عبور انتخاب می‌کنید.
INFO     utils.common_flows:common_flows.py:264 متن صفحه موافقت با قوانین و شرایط، صحیح است: شناسایی هویت شما
INFO     utils.common_flows:common_flows.py:277 متن صفحه موافقت با قوانین و شرایط، صحیح است: بررسی اطلاعات شما توسط بلو
INFO     utils.common_flows:common_flows.py:290 متن صفحه موافقت با قوانین و شرایط، صحیح است: سفارش رایگان بلوکارت
INFO     utils.common_flows:common_flows.py:303 متن صفحه موافقت با قوانین و شرایط، صحیح است: قوانین و شرایط را خواندم و قبول می‌کنم
INFO     utils.common_flows:common_flows.py:316 متن دکمه ادامه در صفحه موافقت با قوانین و شرایط، صحیح است: ادامه
INFO     utils.common_flows:common_flows.py:326 Initial switch status: OFF
INFO     utils.common_flows:common_flows.py:329 Switch status after toggle: ON
INFO     utils.common_flows:common_flows.py:333 کلیک روی دکمه 'تایید'...
INFO     utils.common_flows:common_flows.py:335 دکمه 'تایید' کلیک شد و به صفحه وارد کردن شماره تلفن هدایت شد.
INFO     utils.common_flows:common_flows.py:344 متن صفحه شماره تلفن، صحیح است: ساخت حساب کاربری
INFO     utils.common_flows:common_flows.py:357 متن صفحه شماره تلفن، صحیح است: شماره تلفن همراه خود را وارد کنید
INFO     utils.common_flows:common_flows.py:370 متن صفحه شماره تلفن، صحیح است: مانند: ۶۷۸۹ ۳۴۵ ۰۹۱۲
INFO     utils.common_flows:common_flows.py:383 متن صفحه شماره تلفن، صحیح است: در ادامه کد تایید برای شما ارسال می‌شود
INFO     utils.common_flows:common_flows.py:394 شماره تلفن وارد شد: 09139569388
INFO     utils.common_flows:common_flows.py:399 دکمه 'بعدی' کلیک شد.
INFO     utils.common_flows:common_flows.py:409 متن ریفرال صحیح است: مانند:‌ MDMGKP
INFO     utils.common_flows:common_flows.py:423 متن صفحه ریفرال، صحیح است: کد معرف خود را وارد کنید (اختیاری)
INFO     utils.common_flows:common_flows.py:432 دکمه 'بعدی' کلیک شد.
INFO     utils.common_flows:common_flows.py:441 متن صفحه کدملی، صحیح است: کد ملی خود را وارد کنید
INFO     utils.common_flows:common_flows.py:455 متن کد ملی صحیح است: کد ملی ۱۰ رقمی
INFO     utils.common_flows:common_flows.py:464 کدملی وارد شد: 2112661698
INFO     utils.common_flows:common_flows.py:468 دکمه 'بعدی' کلیک شد.
INFO     utils.common_flows:common_flows.py:477 متن صفحه تاریخ تولد، صحیح است: تاریخ تولد خود را وارد کنید
INFO     utils.common_flows:common_flows.py:490 متن صفحه تاریخ تولد، صحیح است: ۱۳۸۵/۱۲/۰۸
INFO     utils.common_flows:common_flows.py:501 سال با موفقیت اسکرول شد.
INFO     utils.common_flows:common_flows.py:505 دکمه 'بعدی' کلیک شد.
INFO     utils.common_flows:common_flows.py:514 متن صفحه تاریخ تولد، صحیح است: نام کاربری دلخواه خود را وارد کنید
INFO     utils.common_flows:common_flows.py:527 متن صفحه تاریخ تولد، صحیح است: مانند: blu
INFO     utils.common_flows:common_flows.py:538 نام کاربری وارد شد: boxtest7
INFO     utils.common_flows:common_flows.py:542 دکمه 'بعدی' کلیک شد.
INFO     utils.common_flows:common_flows.py:551 متن صفحه رمزعبور، صحیح است: رمز عبور امنی برای خود انتخاب کنید
INFO     utils.common_flows:common_flows.py:564 متن صفحه رمزعبور، صحیح است: رمز عبور
INFO     utils.common_flows:common_flows.py:577 متن صفحه رمزعبور، صحیح است: شامل حروف کوچک و بزرگ انگلیسی
INFO     utils.common_flows:common_flows.py:590 متن صفحه رمزعبور، صحیح است: شامل حداقل ۸ کاراکتر
INFO     utils.common_flows:common_flows.py:603 متن صفحه رمزعبور، صحیح است: شامل عدد
INFO     utils.common_flows:common_flows.py:616 متن صفحه رمزعبور، صحیح است: رمز عبور شما همان رمز بانکی شماست!
INFO     utils.common_flows:common_flows.py:627 رمز عبور وارد شد.
INFO     utils.common_flows:common_flows.py:631 دکمه 'بعدی' کلیک شد.
INFO     utils.common_flows:common_flows.py:651 دکمه 'ادامه' کلیک شد.
INFO     utils.config:test_birth_certificate_old_upload.py:125 کلیک بر روی اولین شغل
INFO     utils.config:test_birth_certificate_old_upload.py:128 اولین شغل از لیست انتخاب شد.
INFO     utils.config:test_birth_certificate_old_upload.py:129 کلیک روی دکمه تایید...
INFO     utils.config:test_birth_certificate_old_upload.py:131 دکمه 'ادامه' کلیک شد.
INFO     utils.config:test_birth_certificate_old_upload.py:134 ویدیو آموزشی در حال پخش است ...
INFO     utils.config:test_birth_certificate_old_upload.py:137 ویدیو آموزشی پخش و بر روی ادامه کلیک شد.
INFO     utils.config:test_birth_certificate_old_upload.py:142 مجوز دوربین تأیید شد.
INFO     utils.config:test_birth_certificate_old_upload.py:144 محوز میکروفون تایید شد.
INFO     utils.config:test_birth_certificate_old_upload.py:151 دوربین سلفی جهت فیلم برداری باز شد...
INFO     utils.config:test_birth_certificate_old_upload.py:154 ضبط ویدیو شروع شد.
INFO     utils.config:test_birth_certificate_old_upload.py:157 ضبط ویدیو متوقف شد.
INFO     utils.config:test_birth_certificate_old_upload.py:159 ویدیو آپلود شد.
INFO     utils.config:test_birth_certificate_old_upload.py:164 آپلود ویدیو تایید شد.
INFO     utils.config:test_birth_certificate_old_upload.py:170 مراحل ایجاد حساب کاربری با موفقیت به پایان رسید.
INFO     utils.config:test_birth_certificate_old_upload.py:174 انتقال به صفحه ورود و بررسی نام کاربری...
INFO     utils.config:test_birth_certificate_old_upload.py:182 Username verification successful: boxtest7
INFO     utils.utils:conftest.py:42 Closing WebDriver connection.
INFO     utils.utils:conftest.py:33 Connecting to WebDriver on http://127.0.0.1:4723 for device 'Galaxy S24 Ultra'
INFO     utils.utils:conftest.py:85 App opened without logging in.
INFO     utils.common_flows:common_flows.py:28 Generated user info - Phone Number: 09168540470, National Code: 4157248996, Username: boxtest8
INFO     utils.common_flows:common_flows.py:35 Clicked on 'Allow' button for notification permission.
INFO     utils.common_flows:common_flows.py:40 کلیک روی دکمه 'ایجاد حساب کاربری'...
INFO     utils.common_flows:common_flows.py:45 دکمه 'ایجاد حساب کاربری' کلیک شد.
INFO     utils.common_flows:common_flows.py:53 Clicked on 'Allow' button for notification permission.
INFO     utils.common_flows:common_flows.py:59 کلیک روی دکمه 'باز کردن حساب'...
INFO     utils.common_flows:common_flows.py:62 دکمه 'باز کردن حساب' کلیک شد.
INFO     utils.common_flows:common_flows.py:66 انتخاب سرور 'UAT'...
INFO     utils.common_flows:common_flows.py:69 سرور 'UAT' انتخاب شد.
INFO     utils.common_flows:common_flows.py:187 کلیک روی دکمه 'شروع'...
INFO     utils.common_flows:common_flows.py:190 دکمه 'شروع' کلیک شد.
INFO     utils.common_flows:common_flows.py:199 متن صفحه موافقت با قوانین و شرایط، صحیح است: بازکردن حساب در بلو
INFO     utils.common_flows:common_flows.py:212 متن صفحه موافقت با قوانین و شرایط، صحیح است: تکمیل مراحل زیر، فقط چند دقیقه زمان نیاز دارد
INFO     utils.common_flows:common_flows.py:225 متن صفحه موافقت با قوانین و شرایط، صحیح است: ساخت حساب کاربری
INFO     utils.common_flows:common_flows.py:238 متن صفحه موافقت با قوانین و شرایط، صحیح است: در این مرحله اطلاعات خودتان را وارد می‌کنید و رمز عبور انتخاب می‌کنید.
INFO     utils.common_flows:common_flows.py:264 متن صفحه موافقت با قوانین و شرایط، صحیح است: شناسایی هویت شما
INFO     utils.common_flows:common_flows.py:277 متن صفحه موافقت با قوانین و شرایط، صحیح است: بررسی اطلاعات شما توسط بلو
INFO     utils.common_flows:common_flows.py:290 متن صفحه موافقت با قوانین و شرایط، صحیح است: سفارش رایگان بلوکارت
INFO     utils.common_flows:common_flows.py:303 متن صفحه موافقت با قوانین و شرایط، صحیح است: قوانین و شرایط را خواندم و قبول می‌کنم
INFO     utils.common_flows:common_flows.py:316 متن دکمه ادامه در صفحه موافقت با قوانین و شرایط، صحیح است: ادامه
INFO     utils.common_flows:common_flows.py:326 Initial switch status: OFF
INFO     utils.common_flows:common_flows.py:329 Switch status after toggle: ON
INFO     utils.common_flows:common_flows.py:333 کلیک روی دکمه 'تایید'...
INFO     utils.common_flows:common_flows.py:335 دکمه 'تایید' کلیک شد و به صفحه وارد کردن شماره تلفن هدایت شد.
INFO     utils.common_flows:common_flows.py:344 متن صفحه شماره تلفن، صحیح است: ساخت حساب کاربری
INFO     utils.common_flows:common_flows.py:357 متن صفحه شماره تلفن، صحیح است: شماره تلفن همراه خود را وارد کنید
INFO     utils.common_flows:common_flows.py:370 متن صفحه شماره تلفن، صحیح است: مانند: ۶۷۸۹ ۳۴۵ ۰۹۱۲
INFO     utils.common_flows:common_flows.py:383 متن صفحه شماره تلفن، صحیح است: در ادامه کد تایید برای شما ارسال می‌شود
INFO     utils.common_flows:common_flows.py:394 شماره تلفن وارد شد: 09168540470
INFO     utils.common_flows:common_flows.py:399 دکمه 'بعدی' کلیک شد.
INFO     utils.common_flows:common_flows.py:409 متن ریفرال صحیح است: مانند:‌ MDMGKP
INFO     utils.common_flows:common_flows.py:423 متن صفحه ریفرال، صحیح است: کد معرف خود را وارد کنید (اختیاری)
INFO     utils.common_flows:common_flows.py:432 دکمه 'بعدی' کلیک شد.
INFO     utils.common_flows:common_flows.py:441 متن صفحه کدملی، صحیح است: کد ملی خود را وارد کنید
INFO     utils.common_flows:common_flows.py:455 متن کد ملی صحیح است: کد ملی ۱۰ رقمی
INFO     utils.common_flows:common_flows.py:464 کدملی وارد شد: 4157248996
INFO     utils.common_flows:common_flows.py:468 دکمه 'بعدی' کلیک شد.
INFO     utils.common_flows:common_flows.py:477 متن صفحه تاریخ تولد، صحیح است: تاریخ تولد خود را وارد کنید
INFO     utils.common_flows:common_flows.py:490 متن صفحه تاریخ تولد، صحیح است: ۱۳۸۵/۱۲/۰۸
INFO     utils.common_flows:common_flows.py:501 سال با موفقیت اسکرول شد.
INFO     utils.common_flows:common_flows.py:505 دکمه 'بعدی' کلیک شد.
INFO     utils.common_flows:common_flows.py:514 متن صفحه تاریخ تولد، صحیح است: نام کاربری دلخواه خود را وارد کنید
INFO     utils.common_flows:common_flows.py:527 متن صفحه تاریخ تولد، صحیح است: مانند: blu
INFO     utils.common_flows:common_flows.py:538 نام کاربری وارد شد: boxtest8
INFO     utils.common_flows:common_flows.py:542 دکمه 'بعدی' کلیک شد.
INFO     utils.common_flows:common_flows.py:551 متن صفحه رمزعبور، صحیح است: رمز عبور امنی برای خود انتخاب کنید
INFO     utils.common_flows:common_flows.py:564 متن صفحه رمزعبور، صحیح است: رمز عبور
INFO     utils.common_flows:common_flows.py:577 متن صفحه رمزعبور، صحیح است: شامل حروف کوچک و بزرگ انگلیسی
INFO     utils.common_flows:common_flows.py:590 متن صفحه رمزعبور، صحیح است: شامل حداقل ۸ کاراکتر
INFO     utils.common_flows:common_flows.py:603 متن صفحه رمزعبور، صحیح است: شامل عدد
INFO     utils.common_flows:common_flows.py:616 متن صفحه رمزعبور، صحیح است: رمز عبور شما همان رمز بانکی شماست!
INFO     utils.common_flows:common_flows.py:627 رمز عبور وارد شد.
INFO     utils.common_flows:common_flows.py:631 دکمه 'بعدی' کلیک شد.
INFO     utils.common_flows:common_flows.py:651 دکمه 'ادامه' کلیک شد.
INFO     utils.config:test_birth_certificate_old_upload.py:125 کلیک بر روی اولین شغل
INFO     utils.config:test_birth_certificate_old_upload.py:128 اولین شغل از لیست انتخاب شد.
INFO     utils.config:test_birth_certificate_old_upload.py:129 کلیک روی دکمه تایید...
INFO     utils.config:test_birth_certificate_old_upload.py:131 دکمه 'ادامه' کلیک شد.
INFO     utils.config:test_birth_certificate_old_upload.py:134 ویدیو آموزشی در حال پخش است ...
INFO     utils.config:test_birth_certificate_old_upload.py:137 ویدیو آموزشی پخش و بر روی ادامه کلیک شد.
INFO     utils.config:test_birth_certificate_old_upload.py:142 مجوز دوربین تأیید شد.
INFO     utils.config:test_birth_certificate_old_upload.py:144 محوز میکروفون تایید شد.
INFO     utils.config:test_birth_certificate_old_upload.py:151 دوربین سلفی جهت فیلم برداری باز شد...
INFO     utils.config:test_birth_certificate_old_upload.py:154 ضبط ویدیو شروع شد.
INFO     utils.config:test_birth_certificate_old_upload.py:157 ضبط ویدیو متوقف شد.
INFO     utils.config:test_birth_certificate_old_upload.py:159 ویدیو آپلود شد.
INFO     utils.config:test_birth_certificate_old_upload.py:164 آپلود ویدیو تایید شد.
INFO     utils.config:test_birth_certificate_old_upload.py:170 مراحل ایجاد حساب کاربری با موفقیت به پایان رسید.
INFO     utils.config:test_birth_certificate_old_upload.py:174 انتقال به صفحه ورود و بررسی نام کاربری...
INFO     utils.config:test_birth_certificate_old_upload.py:182 Username verification successful: boxtest8
INFO     utils.utils:conftest.py:42 Closing WebDriver connection.
INFO     utils.utils:conftest.py:33 Connecting to WebDriver on http://127.0.0.1:4723 for device 'Galaxy S24 Ultra'
INFO     utils.utils:conftest.py:85 App opened without logging in.
INFO     utils.common_flows:common_flows.py:28 Generated user info - Phone Number: 09132843284, National Code: 7561682190, Username: boxtest9
INFO     utils.common_flows:common_flows.py:35 Clicked on 'Allow' button for notification permission.
INFO     utils.common_flows:common_flows.py:40 کلیک روی دکمه 'ایجاد حساب کاربری'...
INFO     utils.common_flows:common_flows.py:45 دکمه 'ایجاد حساب کاربری' کلیک شد.
INFO     utils.common_flows:common_flows.py:53 Clicked on 'Allow' button for notification permission.
INFO     utils.common_flows:common_flows.py:59 کلیک روی دکمه 'باز کردن حساب'...
INFO     utils.common_flows:common_flows.py:62 دکمه 'باز کردن حساب' کلیک شد.
INFO     utils.common_flows:common_flows.py:66 انتخاب سرور 'UAT'...
INFO     utils.common_flows:common_flows.py:69 سرور 'UAT' انتخاب شد.
INFO     utils.common_flows:common_flows.py:187 کلیک روی دکمه 'شروع'...
INFO     utils.common_flows:common_flows.py:190 دکمه 'شروع' کلیک شد.
INFO     utils.common_flows:common_flows.py:199 متن صفحه موافقت با قوانین و شرایط، صحیح است: بازکردن حساب در بلو
INFO     utils.common_flows:common_flows.py:212 متن صفحه موافقت با قوانین و شرایط، صحیح است: تکمیل مراحل زیر، فقط چند دقیقه زمان نیاز دارد
INFO     utils.common_flows:common_flows.py:225 متن صفحه موافقت با قوانین و شرایط، صحیح است: ساخت حساب کاربری
INFO     utils.common_flows:common_flows.py:238 متن صفحه موافقت با قوانین و شرایط، صحیح است: در این مرحله اطلاعات خودتان را وارد می‌کنید و رمز عبور انتخاب می‌کنید.
INFO     utils.common_flows:common_flows.py:264 متن صفحه موافقت با قوانین و شرایط، صحیح است: شناسایی هویت شما
INFO     utils.common_flows:common_flows.py:277 متن صفحه موافقت با قوانین و شرایط، صحیح است: بررسی اطلاعات شما توسط بلو
INFO     utils.common_flows:common_flows.py:290 متن صفحه موافقت با قوانین و شرایط، صحیح است: سفارش رایگان بلوکارت
INFO     utils.common_flows:common_flows.py:303 متن صفحه موافقت با قوانین و شرایط، صحیح است: قوانین و شرایط را خواندم و قبول می‌کنم
INFO     utils.common_flows:common_flows.py:316 متن دکمه ادامه در صفحه موافقت با قوانین و شرایط، صحیح است: ادامه
INFO     utils.common_flows:common_flows.py:326 Initial switch status: OFF
INFO     utils.common_flows:common_flows.py:329 Switch status after toggle: ON
INFO     utils.common_flows:common_flows.py:333 کلیک روی دکمه 'تایید'...
INFO     utils.common_flows:common_flows.py:335 دکمه 'تایید' کلیک شد و به صفحه وارد کردن شماره تلفن هدایت شد.
INFO     utils.common_flows:common_flows.py:344 متن صفحه شماره تلفن، صحیح است: ساخت حساب کاربری
INFO     utils.common_flows:common_flows.py:357 متن صفحه شماره تلفن، صحیح است: شماره تلفن همراه خود را وارد کنید
INFO     utils.common_flows:common_flows.py:370 متن صفحه شماره تلفن، صحیح است: مانند: ۶۷۸۹ ۳۴۵ ۰۹۱۲
INFO     utils.common_flows:common_flows.py:383 متن صفحه شماره تلفن، صحیح است: در ادامه کد تایید برای شما ارسال می‌شود
INFO     utils.common_flows:common_flows.py:394 شماره تلفن وارد شد: 09132843284
INFO     utils.common_flows:common_flows.py:399 دکمه 'بعدی' کلیک شد.
INFO     utils.common_flows:common_flows.py:409 متن ریفرال صحیح است: مانند:‌ MDMGKP
INFO     utils.common_flows:common_flows.py:423 متن صفحه ریفرال، صحیح است: کد معرف خود را وارد کنید (اختیاری)
INFO     utils.common_flows:common_flows.py:432 دکمه 'بعدی' کلیک شد.
INFO     utils.common_flows:common_flows.py:441 متن صفحه کدملی، صحیح است: کد ملی خود را وارد کنید
INFO     utils.common_flows:common_flows.py:455 متن کد ملی صحیح است: کد ملی ۱۰ رقمی
INFO     utils.common_flows:common_flows.py:464 کدملی وارد شد: 7561682190
INFO     utils.common_flows:common_flows.py:468 دکمه 'بعدی' کلیک شد.
INFO     utils.common_flows:common_flows.py:477 متن صفحه تاریخ تولد، صحیح است: تاریخ تولد خود را وارد کنید
INFO     utils.common_flows:common_flows.py:490 متن صفحه تاریخ تولد، صحیح است: ۱۳۸۵/۱۲/۰۸
INFO     utils.common_flows:common_flows.py:501 سال با موفقیت اسکرول شد.
INFO     utils.common_flows:common_flows.py:505 دکمه 'بعدی' کلیک شد.
INFO     utils.common_flows:common_flows.py:514 متن صفحه تاریخ تولد، صحیح است: نام کاربری دلخواه خود را وارد کنید
INFO     utils.common_flows:common_flows.py:527 متن صفحه تاریخ تولد، صحیح است: مانند: blu
INFO     utils.common_flows:common_flows.py:538 نام کاربری وارد شد: boxtest9
INFO     utils.common_flows:common_flows.py:542 دکمه 'بعدی' کلیک شد.
INFO     utils.common_flows:common_flows.py:551 متن صفحه رمزعبور، صحیح است: رمز عبور امنی برای خود انتخاب کنید
INFO     utils.common_flows:common_flows.py:564 متن صفحه رمزعبور، صحیح است: رمز عبور
INFO     utils.common_flows:common_flows.py:577 متن صفحه رمزعبور، صحیح است: شامل حروف کوچک و بزرگ انگلیسی
INFO     utils.common_flows:common_flows.py:590 متن صفحه رمزعبور، صحیح است: شامل حداقل ۸ کاراکتر
INFO     utils.common_flows:common_flows.py:603 متن صفحه رمزعبور، صحیح است: شامل عدد
INFO     utils.common_flows:common_flows.py:616 متن صفحه رمزعبور، صحیح است: رمز عبور شما همان رمز بانکی شماست!
INFO     utils.common_flows:common_flows.py:627 رمز عبور وارد شد.
INFO     utils.common_flows:common_flows.py:631 دکمه 'بعدی' کلیک شد.
INFO     utils.common_flows:common_flows.py:651 دکمه 'ادامه' کلیک شد.
INFO     utils.config:test_birth_certificate_old_upload.py:125 کلیک بر روی اولین شغل
INFO     utils.config:test_birth_certificate_old_upload.py:128 اولین شغل از لیست انتخاب شد.
INFO     utils.config:test_birth_certificate_old_upload.py:129 کلیک روی دکمه تایید...
INFO     utils.config:test_birth_certificate_old_upload.py:131 دکمه 'ادامه' کلیک شد.
INFO     utils.config:test_birth_certificate_old_upload.py:134 ویدیو آموزشی در حال پخش است ...
INFO     utils.config:test_birth_certificate_old_upload.py:137 ویدیو آموزشی پخش و بر روی ادامه کلیک شد.
INFO     utils.config:test_birth_certificate_old_upload.py:142 مجوز دوربین تأیید شد.
INFO     utils.config:test_birth_certificate_old_upload.py:144 محوز میکروفون تایید شد.
INFO     utils.config:test_birth_certificate_old_upload.py:151 دوربین سلفی جهت فیلم برداری باز شد...
INFO     utils.config:test_birth_certificate_old_upload.py:154 ضبط ویدیو شروع شد.
INFO     utils.config:test_birth_certificate_old_upload.py:157 ضبط ویدیو متوقف شد.
INFO     utils.config:test_birth_certificate_old_upload.py:159 ویدیو آپلود شد.
INFO     utils.config:test_birth_certificate_old_upload.py:164 آپلود ویدیو تایید شد.
INFO     utils.config:test_birth_certificate_old_upload.py:170 مراحل ایجاد حساب کاربری با موفقیت به پایان رسید.
INFO     utils.config:test_birth_certificate_old_upload.py:174 انتقال به صفحه ورود و بررسی نام کاربری...
INFO     utils.config:test_birth_certificate_old_upload.py:182 Username verification successful: boxtest9
INFO     utils.utils:conftest.py:42 Closing WebDriver connection.
INFO     utils.utils:conftest.py:33 Connecting to WebDriver on http://127.0.0.1:4723 for device 'Galaxy S24 Ultra'
INFO     utils.utils:conftest.py:85 App opened without logging in.
INFO     utils.common_flows:common_flows.py:28 Generated user info - Phone Number: 09144949451, National Code: 2644916453, Username: boxtest10
INFO     utils.common_flows:common_flows.py:35 Clicked on 'Allow' button for notification permission.
INFO     utils.common_flows:common_flows.py:40 کلیک روی دکمه 'ایجاد حساب کاربری'...
INFO     utils.common_flows:common_flows.py:45 دکمه 'ایجاد حساب کاربری' کلیک شد.
INFO     utils.common_flows:common_flows.py:53 Clicked on 'Allow' button for notification permission.
INFO     utils.common_flows:common_flows.py:59 کلیک روی دکمه 'باز کردن حساب'...
INFO     utils.common_flows:common_flows.py:62 دکمه 'باز کردن حساب' کلیک شد.
INFO     utils.common_flows:common_flows.py:66 انتخاب سرور 'UAT'...
INFO     utils.common_flows:common_flows.py:69 سرور 'UAT' انتخاب شد.
INFO     utils.common_flows:common_flows.py:187 کلیک روی دکمه 'شروع'...
INFO     utils.common_flows:common_flows.py:190 دکمه 'شروع' کلیک شد.
INFO     utils.common_flows:common_flows.py:199 متن صفحه موافقت با قوانین و شرایط، صحیح است: بازکردن حساب در بلو
INFO     utils.common_flows:common_flows.py:212 متن صفحه موافقت با قوانین و شرایط، صحیح است: تکمیل مراحل زیر، فقط چند دقیقه زمان نیاز دارد
INFO     utils.common_flows:common_flows.py:225 متن صفحه موافقت با قوانین و شرایط، صحیح است: ساخت حساب کاربری
INFO     utils.common_flows:common_flows.py:238 متن صفحه موافقت با قوانین و شرایط، صحیح است: در این مرحله اطلاعات خودتان را وارد می‌کنید و رمز عبور انتخاب می‌کنید.
INFO     utils.common_flows:common_flows.py:264 متن صفحه موافقت با قوانین و شرایط، صحیح است: شناسایی هویت شما
INFO     utils.common_flows:common_flows.py:277 متن صفحه موافقت با قوانین و شرایط، صحیح است: بررسی اطلاعات شما توسط بلو
INFO     utils.common_flows:common_flows.py:290 متن صفحه موافقت با قوانین و شرایط، صحیح است: سفارش رایگان بلوکارت
INFO     utils.common_flows:common_flows.py:303 متن صفحه موافقت با قوانین و شرایط، صحیح است: قوانین و شرایط را خواندم و قبول می‌کنم
INFO     utils.common_flows:common_flows.py:316 متن دکمه ادامه در صفحه موافقت با قوانین و شرایط، صحیح است: ادامه
INFO     utils.common_flows:common_flows.py:326 Initial switch status: OFF
INFO     utils.common_flows:common_flows.py:329 Switch status after toggle: ON
INFO     utils.common_flows:common_flows.py:333 کلیک روی دکمه 'تایید'...
INFO     utils.common_flows:common_flows.py:335 دکمه 'تایید' کلیک شد و به صفحه وارد کردن شماره تلفن هدایت شد.
INFO     utils.common_flows:common_flows.py:344 متن صفحه شماره تلفن، صحیح است: ساخت حساب کاربری
INFO     utils.common_flows:common_flows.py:357 متن صفحه شماره تلفن، صحیح است: شماره تلفن همراه خود را وارد کنید
INFO     utils.common_flows:common_flows.py:370 متن صفحه شماره تلفن، صحیح است: مانند: ۶۷۸۹ ۳۴۵ ۰۹۱۲
INFO     utils.common_flows:common_flows.py:383 متن صفحه شماره تلفن، صحیح است: در ادامه کد تایید برای شما ارسال می‌شود
INFO     utils.common_flows:common_flows.py:394 شماره تلفن وارد شد: 09144949451
INFO     utils.common_flows:common_flows.py:399 دکمه 'بعدی' کلیک شد.
INFO     utils.common_flows:common_flows.py:409 متن ریفرال صحیح است: مانند:‌ MDMGKP
INFO     utils.common_flows:common_flows.py:423 متن صفحه ریفرال، صحیح است: کد معرف خود را وارد کنید (اختیاری)
INFO     utils.common_flows:common_flows.py:432 دکمه 'بعدی' کلیک شد.
INFO     utils.common_flows:common_flows.py:441 متن صفحه کدملی، صحیح است: کد ملی خود را وارد کنید
INFO     utils.common_flows:common_flows.py:455 متن کد ملی صحیح است: کد ملی ۱۰ رقمی
INFO     utils.common_flows:common_flows.py:464 کدملی وارد شد: 2644916453
INFO     utils.common_flows:common_flows.py:468 دکمه 'بعدی' کلیک شد.
INFO     utils.common_flows:common_flows.py:477 متن صفحه تاریخ تولد، صحیح است: تاریخ تولد خود را وارد کنید
INFO     utils.common_flows:common_flows.py:490 متن صفحه تاریخ تولد، صحیح است: ۱۳۸۵/۱۲/۰۸
INFO     utils.common_flows:common_flows.py:501 سال با موفقیت اسکرول شد.
INFO     utils.common_flows:common_flows.py:505 دکمه 'بعدی' کلیک شد.
INFO     utils.common_flows:common_flows.py:514 متن صفحه تاریخ تولد، صحیح است: نام کاربری دلخواه خود را وارد کنید
INFO     utils.common_flows:common_flows.py:527 متن صفحه تاریخ تولد، صحیح است: مانند: blu
INFO     utils.common_flows:common_flows.py:538 نام کاربری وارد شد: boxtest10
INFO     utils.common_flows:common_flows.py:542 دکمه 'بعدی' کلیک شد.
INFO     utils.common_flows:common_flows.py:551 متن صفحه رمزعبور، صحیح است: رمز عبور امنی برای خود انتخاب کنید
INFO     utils.common_flows:common_flows.py:564 متن صفحه رمزعبور، صحیح است: رمز عبور
INFO     utils.common_flows:common_flows.py:577 متن صفحه رمزعبور، صحیح است: شامل حروف کوچک و بزرگ انگلیسی
INFO     utils.common_flows:common_flows.py:590 متن صفحه رمزعبور، صحیح است: شامل حداقل ۸ کاراکتر
INFO     utils.common_flows:common_flows.py:603 متن صفحه رمزعبور، صحیح است: شامل عدد
INFO     utils.common_flows:common_flows.py:616 متن صفحه رمزعبور، صحیح است: رمز عبور شما همان رمز بانکی شماست!
INFO     utils.common_flows:common_flows.py:627 رمز عبور وارد شد.
INFO     utils.common_flows:common_flows.py:631 دکمه 'بعدی' کلیک شد.
INFO     utils.common_flows:common_flows.py:651 دکمه 'ادامه' کلیک شد.
INFO     utils.config:test_birth_certificate_old_upload.py:125 کلیک بر روی اولین شغل
INFO     utils.config:test_birth_certificate_old_upload.py:128 اولین شغل از لیست انتخاب شد.
INFO     utils.config:test_birth_certificate_old_upload.py:129 کلیک روی دکمه تایید...
INFO     utils.config:test_birth_certificate_old_upload.py:131 دکمه 'ادامه' کلیک شد.
INFO     utils.config:test_birth_certificate_old_upload.py:134 ویدیو آموزشی در حال پخش است ...
INFO     utils.config:test_birth_certificate_old_upload.py:137 ویدیو آموزشی پخش و بر روی ادامه کلیک شد.
INFO     utils.config:test_birth_certificate_old_upload.py:142 مجوز دوربین تأیید شد.
INFO     utils.config:test_birth_certificate_old_upload.py:144 محوز میکروفون تایید شد.
INFO     utils.config:test_birth_certificate_old_upload.py:151 دوربین سلفی جهت فیلم برداری باز شد...
INFO     utils.config:test_birth_certificate_old_upload.py:154 ضبط ویدیو شروع شد.
INFO     utils.config:test_birth_certificate_old_upload.py:157 ضبط ویدیو متوقف شد.
INFO     utils.config:test_birth_certificate_old_upload.py:159 ویدیو آپلود شد.
INFO     utils.config:test_birth_certificate_old_upload.py:164 آپلود ویدیو تایید شد.
INFO     utils.config:test_birth_certificate_old_upload.py:170 مراحل ایجاد حساب کاربری با موفقیت به پایان رسید.
INFO     utils.config:test_birth_certificate_old_upload.py:174 انتقال به صفحه ورود و بررسی نام کاربری...
INFO     utils.config:test_birth_certificate_old_upload.py:182 Username verification successful: boxtest10
INFO     utils.utils:conftest.py:42 Closing WebDriver connection.
INFO     utils.utils:conftest.py:33 Connecting to WebDriver on http://127.0.0.1:4723 for device 'Galaxy S24 Ultra'
INFO     utils.utils:conftest.py:85 App opened without logging in.
INFO     utils.common_flows:common_flows.py:28 Generated user info - Phone Number: 09183627745, National Code: 7075249339, Username: boxtest11
INFO     utils.common_flows:common_flows.py:35 Clicked on 'Allow' button for notification permission.
INFO     utils.common_flows:common_flows.py:40 کلیک روی دکمه 'ایجاد حساب کاربری'...
INFO     utils.common_flows:common_flows.py:45 دکمه 'ایجاد حساب کاربری' کلیک شد.
INFO     utils.common_flows:common_flows.py:53 Clicked on 'Allow' button for notification permission.
INFO     utils.common_flows:common_flows.py:59 کلیک روی دکمه 'باز کردن حساب'...
INFO     utils.common_flows:common_flows.py:62 دکمه 'باز کردن حساب' کلیک شد.
INFO     utils.common_flows:common_flows.py:66 انتخاب سرور 'UAT'...
INFO     utils.common_flows:common_flows.py:69 سرور 'UAT' انتخاب شد.
INFO     utils.common_flows:common_flows.py:187 کلیک روی دکمه 'شروع'...
INFO     utils.common_flows:common_flows.py:190 دکمه 'شروع' کلیک شد.
INFO     utils.common_flows:common_flows.py:199 متن صفحه موافقت با قوانین و شرایط، صحیح است: بازکردن حساب در بلو
INFO     utils.common_flows:common_flows.py:212 متن صفحه موافقت با قوانین و شرایط، صحیح است: تکمیل مراحل زیر، فقط چند دقیقه زمان نیاز دارد
INFO     utils.common_flows:common_flows.py:225 متن صفحه موافقت با قوانین و شرایط، صحیح است: ساخت حساب کاربری
INFO     utils.common_flows:common_flows.py:238 متن صفحه موافقت با قوانین و شرایط، صحیح است: در این مرحله اطلاعات خودتان را وارد می‌کنید و رمز عبور انتخاب می‌کنید.
INFO     utils.common_flows:common_flows.py:264 متن صفحه موافقت با قوانین و شرایط، صحیح است: شناسایی هویت شما
INFO     utils.common_flows:common_flows.py:277 متن صفحه موافقت با قوانین و شرایط، صحیح است: بررسی اطلاعات شما توسط بلو
INFO     utils.common_flows:common_flows.py:290 متن صفحه موافقت با قوانین و شرایط، صحیح است: سفارش رایگان بلوکارت
INFO     utils.common_flows:common_flows.py:303 متن صفحه موافقت با قوانین و شرایط، صحیح است: قوانین و شرایط را خواندم و قبول می‌کنم
INFO     utils.common_flows:common_flows.py:316 متن دکمه ادامه در صفحه موافقت با قوانین و شرایط، صحیح است: ادامه
INFO     utils.common_flows:common_flows.py:326 Initial switch status: OFF
INFO     utils.common_flows:common_flows.py:329 Switch status after toggle: ON
INFO     utils.common_flows:common_flows.py:333 کلیک روی دکمه 'تایید'...
INFO     utils.common_flows:common_flows.py:335 دکمه 'تایید' کلیک شد و به صفحه وارد کردن شماره تلفن هدایت شد.
INFO     utils.common_flows:common_flows.py:344 متن صفحه شماره تلفن، صحیح است: ساخت حساب کاربری
INFO     utils.common_flows:common_flows.py:357 متن صفحه شماره تلفن، صحیح است: شماره تلفن همراه خود را وارد کنید
INFO     utils.common_flows:common_flows.py:370 متن صفحه شماره تلفن، صحیح است: مانند: ۶۷۸۹ ۳۴۵ ۰۹۱۲
INFO     utils.common_flows:common_flows.py:383 متن صفحه شماره تلفن، صحیح است: در ادامه کد تایید برای شما ارسال می‌شود
INFO     utils.common_flows:common_flows.py:394 شماره تلفن وارد شد: 09183627745
INFO     utils.common_flows:common_flows.py:399 دکمه 'بعدی' کلیک شد.
INFO     utils.common_flows:common_flows.py:409 متن ریفرال صحیح است: مانند:‌ MDMGKP
INFO     utils.common_flows:common_flows.py:423 متن صفحه ریفرال، صحیح است: کد معرف خود را وارد کنید (اختیاری)
INFO     utils.common_flows:common_flows.py:432 دکمه 'بعدی' کلیک شد.
INFO     utils.common_flows:common_flows.py:441 متن صفحه کدملی، صحیح است: کد ملی خود را وارد کنید
INFO     utils.common_flows:common_flows.py:455 متن کد ملی صحیح است: کد ملی ۱۰ رقمی
INFO     utils.common_flows:common_flows.py:464 کدملی وارد شد: 7075249339
INFO     utils.common_flows:common_flows.py:468 دکمه 'بعدی' کلیک شد.
INFO     utils.common_flows:common_flows.py:477 متن صفحه تاریخ تولد، صحیح است: تاریخ تولد خود را وارد کنید
INFO     utils.common_flows:common_flows.py:490 متن صفحه تاریخ تولد، صحیح است: ۱۳۸۵/۱۲/۰۸
INFO     utils.common_flows:common_flows.py:501 سال با موفقیت اسکرول شد.
INFO     utils.common_flows:common_flows.py:505 دکمه 'بعدی' کلیک شد.
INFO     utils.common_flows:common_flows.py:514 متن صفحه تاریخ تولد، صحیح است: نام کاربری دلخواه خود را وارد کنید
INFO     utils.common_flows:common_flows.py:527 متن صفحه تاریخ تولد، صحیح است: مانند: blu
INFO     utils.common_flows:common_flows.py:538 نام کاربری وارد شد: boxtest11
INFO     utils.common_flows:common_flows.py:542 دکمه 'بعدی' کلیک شد.
INFO     utils.common_flows:common_flows.py:551 متن صفحه رمزعبور، صحیح است: رمز عبور امنی برای خود انتخاب کنید
INFO     utils.common_flows:common_flows.py:564 متن صفحه رمزعبور، صحیح است: رمز عبور
INFO     utils.common_flows:common_flows.py:577 متن صفحه رمزعبور، صحیح است: شامل حروف کوچک و بزرگ انگلیسی
INFO     utils.common_flows:common_flows.py:590 متن صفحه رمزعبور، صحیح است: شامل حداقل ۸ کاراکتر
INFO     utils.common_flows:common_flows.py:603 متن صفحه رمزعبور، صحیح است: شامل عدد
INFO     utils.common_flows:common_flows.py:616 متن صفحه رمزعبور، صحیح است: رمز عبور شما همان رمز بانکی شماست!
INFO     utils.common_flows:common_flows.py:627 رمز عبور وارد شد.
INFO     utils.common_flows:common_flows.py:631 دکمه 'بعدی' کلیک شد.
INFO     utils.common_flows:common_flows.py:651 دکمه 'ادامه' کلیک شد.
INFO     utils.config:test_birth_certificate_old_upload.py:125 کلیک بر روی اولین شغل
INFO     utils.config:test_birth_certificate_old_upload.py:128 اولین شغل از لیست انتخاب شد.
INFO     utils.config:test_birth_certificate_old_upload.py:129 کلیک روی دکمه تایید...
INFO     utils.config:test_birth_certificate_old_upload.py:131 دکمه 'ادامه' کلیک شد.
INFO     utils.config:test_birth_certificate_old_upload.py:134 ویدیو آموزشی در حال پخش است ...
INFO     utils.config:test_birth_certificate_old_upload.py:137 ویدیو آموزشی پخش و بر روی ادامه کلیک شد.
INFO     utils.config:test_birth_certificate_old_upload.py:142 مجوز دوربین تأیید شد.
INFO     utils.config:test_birth_certificate_old_upload.py:144 محوز میکروفون تایید شد.
INFO     utils.config:test_birth_certificate_old_upload.py:151 دوربین سلفی جهت فیلم برداری باز شد...
INFO     utils.config:test_birth_certificate_old_upload.py:154 ضبط ویدیو شروع شد.
INFO     utils.config:test_birth_certificate_old_upload.py:157 ضبط ویدیو متوقف شد.
INFO     utils.config:test_birth_certificate_old_upload.py:159 ویدیو آپلود شد.
INFO     utils.config:test_birth_certificate_old_upload.py:164 آپلود ویدیو تایید شد.
INFO     utils.config:test_birth_certificate_old_upload.py:170 مراحل ایجاد حساب کاربری با موفقیت به پایان رسید.
INFO     utils.config:test_birth_certificate_old_upload.py:174 انتقال به صفحه ورود و بررسی نام کاربری...
INFO     utils.config:test_birth_certificate_old_upload.py:182 Username verification successful: boxtest11
INFO     utils.utils:conftest.py:42 Closing WebDriver connection.
INFO     utils.utils:conftest.py:33 Connecting to WebDriver on http://127.0.0.1:4723 for device 'Galaxy S24 Ultra'
INFO     utils.utils:conftest.py:85 App opened without logging in.
INFO     utils.common_flows:common_flows.py:28 Generated user info - Phone Number: 09132123584, National Code: 0770152228, Username: boxtest12
INFO     utils.common_flows:common_flows.py:35 Clicked on 'Allow' button for notification permission.
INFO     utils.common_flows:common_flows.py:40 کلیک روی دکمه 'ایجاد حساب کاربری'...
INFO     utils.common_flows:common_flows.py:45 دکمه 'ایجاد حساب کاربری' کلیک شد.
INFO     utils.common_flows:common_flows.py:53 Clicked on 'Allow' button for notification permission.
INFO     utils.common_flows:common_flows.py:59 کلیک روی دکمه 'باز کردن حساب'...
INFO     utils.common_flows:common_flows.py:62 دکمه 'باز کردن حساب' کلیک شد.
INFO     utils.common_flows:common_flows.py:66 انتخاب سرور 'UAT'...
INFO     utils.common_flows:common_flows.py:69 سرور 'UAT' انتخاب شد.
INFO     utils.common_flows:common_flows.py:187 کلیک روی دکمه 'شروع'...
INFO     utils.common_flows:common_flows.py:190 دکمه 'شروع' کلیک شد.
INFO     utils.common_flows:common_flows.py:199 متن صفحه موافقت با قوانین و شرایط، صحیح است: بازکردن حساب در بلو
INFO     utils.common_flows:common_flows.py:212 متن صفحه موافقت با قوانین و شرایط، صحیح است: تکمیل مراحل زیر، فقط چند دقیقه زمان نیاز دارد
INFO     utils.common_flows:common_flows.py:225 متن صفحه موافقت با قوانین و شرایط، صحیح است: ساخت حساب کاربری
INFO     utils.common_flows:common_flows.py:238 متن صفحه موافقت با قوانین و شرایط، صحیح است: در این مرحله اطلاعات خودتان را وارد می‌کنید و رمز عبور انتخاب می‌کنید.
INFO     utils.common_flows:common_flows.py:264 متن صفحه موافقت با قوانین و شرایط، صحیح است: شناسایی هویت شما
INFO     utils.common_flows:common_flows.py:277 متن صفحه موافقت با قوانین و شرایط، صحیح است: بررسی اطلاعات شما توسط بلو
INFO     utils.common_flows:common_flows.py:290 متن صفحه موافقت با قوانین و شرایط، صحیح است: سفارش رایگان بلوکارت
INFO     utils.common_flows:common_flows.py:303 متن صفحه موافقت با قوانین و شرایط، صحیح است: قوانین و شرایط را خواندم و قبول می‌کنم
INFO     utils.common_flows:common_flows.py:316 متن دکمه ادامه در صفحه موافقت با قوانین و شرایط، صحیح است: ادامه
INFO     utils.common_flows:common_flows.py:326 Initial switch status: OFF
INFO     utils.common_flows:common_flows.py:329 Switch status after toggle: ON
INFO     utils.common_flows:common_flows.py:333 کلیک روی دکمه 'تایید'...
INFO     utils.common_flows:common_flows.py:335 دکمه 'تایید' کلیک شد و به صفحه وارد کردن شماره تلفن هدایت شد.
INFO     utils.common_flows:common_flows.py:344 متن صفحه شماره تلفن، صحیح است: ساخت حساب کاربری
INFO     utils.common_flows:common_flows.py:357 متن صفحه شماره تلفن، صحیح است: شماره تلفن همراه خود را وارد کنید
INFO     utils.common_flows:common_flows.py:370 متن صفحه شماره تلفن، صحیح است: مانند: ۶۷۸۹ ۳۴۵ ۰۹۱۲
INFO     utils.common_flows:common_flows.py:383 متن صفحه شماره تلفن، صحیح است: در ادامه کد تایید برای شما ارسال می‌شود
INFO     utils.common_flows:common_flows.py:394 شماره تلفن وارد شد: 09132123584
INFO     utils.common_flows:common_flows.py:399 دکمه 'بعدی' کلیک شد.
INFO     utils.common_flows:common_flows.py:409 متن ریفرال صحیح است: مانند:‌ MDMGKP
INFO     utils.common_flows:common_flows.py:423 متن صفحه ریفرال، صحیح است: کد معرف خود را وارد کنید (اختیاری)
INFO     utils.common_flows:common_flows.py:432 دکمه 'بعدی' کلیک شد.
INFO     utils.common_flows:common_flows.py:441 متن صفحه کدملی، صحیح است: کد ملی خود را وارد کنید
INFO     utils.common_flows:common_flows.py:455 متن کد ملی صحیح است: کد ملی ۱۰ رقمی
INFO     utils.common_flows:common_flows.py:464 کدملی وارد شد: 0770152228
INFO     utils.common_flows:common_flows.py:468 دکمه 'بعدی' کلیک شد.
INFO     utils.common_flows:common_flows.py:477 متن صفحه تاریخ تولد، صحیح است: تاریخ تولد خود را وارد کنید
INFO     utils.common_flows:common_flows.py:490 متن صفحه تاریخ تولد، صحیح است: ۱۳۸۵/۱۲/۰۸
INFO     utils.common_flows:common_flows.py:501 سال با موفقیت اسکرول شد.
INFO     utils.common_flows:common_flows.py:505 دکمه 'بعدی' کلیک شد.
INFO     utils.common_flows:common_flows.py:514 متن صفحه تاریخ تولد، صحیح است: نام کاربری دلخواه خود را وارد کنید
INFO     utils.common_flows:common_flows.py:527 متن صفحه تاریخ تولد، صحیح است: مانند: blu
INFO     utils.common_flows:common_flows.py:538 نام کاربری وارد شد: boxtest12
INFO     utils.common_flows:common_flows.py:542 دکمه 'بعدی' کلیک شد.
INFO     utils.common_flows:common_flows.py:551 متن صفحه رمزعبور، صحیح است: رمز عبور امنی برای خود انتخاب کنید
INFO     utils.common_flows:common_flows.py:564 متن صفحه رمزعبور، صحیح است: رمز عبور
INFO     utils.common_flows:common_flows.py:577 متن صفحه رمزعبور، صحیح است: شامل حروف کوچک و بزرگ انگلیسی
INFO     utils.common_flows:common_flows.py:590 متن صفحه رمزعبور، صحیح است: شامل حداقل ۸ کاراکتر
INFO     utils.common_flows:common_flows.py:603 متن صفحه رمزعبور، صحیح است: شامل عدد
INFO     utils.common_flows:common_flows.py:616 متن صفحه رمزعبور، صحیح است: رمز عبور شما همان رمز بانکی شماست!
INFO     utils.common_flows:common_flows.py:627 رمز عبور وارد شد.
INFO     utils.common_flows:common_flows.py:631 دکمه 'بعدی' کلیک شد.
INFO     utils.common_flows:common_flows.py:651 دکمه 'ادامه' کلیک شد.
INFO     utils.config:test_birth_certificate_old_upload.py:125 کلیک بر روی اولین شغل
INFO     utils.config:test_birth_certificate_old_upload.py:128 اولین شغل از لیست انتخاب شد.
INFO     utils.config:test_birth_certificate_old_upload.py:129 کلیک روی دکمه تایید...
INFO     utils.config:test_birth_certificate_old_upload.py:131 دکمه 'ادامه' کلیک شد.
INFO     utils.config:test_birth_certificate_old_upload.py:134 ویدیو آموزشی در حال پخش است ...
INFO     utils.config:test_birth_certificate_old_upload.py:137 ویدیو آموزشی پخش و بر روی ادامه کلیک شد.
INFO     utils.config:test_birth_certificate_old_upload.py:142 مجوز دوربین تأیید شد.
INFO     utils.config:test_birth_certificate_old_upload.py:144 محوز میکروفون تایید شد.
INFO     utils.config:test_birth_certificate_old_upload.py:151 دوربین سلفی جهت فیلم برداری باز شد...
INFO     utils.config:test_birth_certificate_old_upload.py:154 ضبط ویدیو شروع شد.
INFO     utils.config:test_birth_certificate_old_upload.py:157 ضبط ویدیو متوقف شد.
INFO     utils.config:test_birth_certificate_old_upload.py:159 ویدیو آپلود شد.
INFO     utils.config:test_birth_certificate_old_upload.py:164 آپلود ویدیو تایید شد.
INFO     utils.config:test_birth_certificate_old_upload.py:170 مراحل ایجاد حساب کاربری با موفقیت به پایان رسید.
INFO     utils.config:test_birth_certificate_old_upload.py:174 انتقال به صفحه ورود و بررسی نام کاربری...
INFO     utils.config:test_birth_certificate_old_upload.py:182 Username verification successful: boxtest12
INFO     utils.utils:conftest.py:42 Closing WebDriver connection.
INFO     utils.utils:conftest.py:33 Connecting to WebDriver on http://127.0.0.1:4723 for device 'Galaxy S24 Ultra'
INFO     utils.utils:conftest.py:85 App opened without logging in.
INFO     utils.common_flows:common_flows.py:28 Generated user info - Phone Number: 09172289542, National Code: 7318561121, Username: boxtest13
INFO     utils.common_flows:common_flows.py:35 Clicked on 'Allow' button for notification permission.
INFO     utils.common_flows:common_flows.py:40 کلیک روی دکمه 'ایجاد حساب کاربری'...
INFO     utils.common_flows:common_flows.py:45 دکمه 'ایجاد حساب کاربری' کلیک شد.
INFO     utils.common_flows:common_flows.py:53 Clicked on 'Allow' button for notification permission.
INFO     utils.common_flows:common_flows.py:59 کلیک روی دکمه 'باز کردن حساب'...
INFO     utils.common_flows:common_flows.py:62 دکمه 'باز کردن حساب' کلیک شد.
INFO     utils.common_flows:common_flows.py:66 انتخاب سرور 'UAT'...
INFO     utils.common_flows:common_flows.py:69 سرور 'UAT' انتخاب شد.
INFO     utils.common_flows:common_flows.py:187 کلیک روی دکمه 'شروع'...
INFO     utils.common_flows:common_flows.py:190 دکمه 'شروع' کلیک شد.
INFO     utils.common_flows:common_flows.py:199 متن صفحه موافقت با قوانین و شرایط، صحیح است: بازکردن حساب در بلو
INFO     utils.common_flows:common_flows.py:212 متن صفحه موافقت با قوانین و شرایط، صحیح است: تکمیل مراحل زیر، فقط چند دقیقه زمان نیاز دارد
INFO     utils.common_flows:common_flows.py:225 متن صفحه موافقت با قوانین و شرایط، صحیح است: ساخت حساب کاربری
INFO     utils.common_flows:common_flows.py:238 متن صفحه موافقت با قوانین و شرایط، صحیح است: در این مرحله اطلاعات خودتان را وارد می‌کنید و رمز عبور انتخاب می‌کنید.
INFO     utils.common_flows:common_flows.py:264 متن صفحه موافقت با قوانین و شرایط، صحیح است: شناسایی هویت شما
INFO     utils.common_flows:common_flows.py:277 متن صفحه موافقت با قوانین و شرایط، صحیح است: بررسی اطلاعات شما توسط بلو
INFO     utils.common_flows:common_flows.py:290 متن صفحه موافقت با قوانین و شرایط، صحیح است: سفارش رایگان بلوکارت
INFO     utils.common_flows:common_flows.py:303 متن صفحه موافقت با قوانین و شرایط، صحیح است: قوانین و شرایط را خواندم و قبول می‌کنم
INFO     utils.common_flows:common_flows.py:316 متن دکمه ادامه در صفحه موافقت با قوانین و شرایط، صحیح است: ادامه
INFO     utils.common_flows:common_flows.py:326 Initial switch status: OFF
INFO     utils.common_flows:common_flows.py:329 Switch status after toggle: ON
INFO     utils.common_flows:common_flows.py:333 کلیک روی دکمه 'تایید'...
INFO     utils.common_flows:common_flows.py:335 دکمه 'تایید' کلیک شد و به صفحه وارد کردن شماره تلفن هدایت شد.
INFO     utils.common_flows:common_flows.py:344 متن صفحه شماره تلفن، صحیح است: ساخت حساب کاربری
INFO     utils.common_flows:common_flows.py:357 متن صفحه شماره تلفن، صحیح است: شماره تلفن همراه خود را وارد کنید
INFO     utils.common_flows:common_flows.py:370 متن صفحه شماره تلفن، صحیح است: مانند: ۶۷۸۹ ۳۴۵ ۰۹۱۲
INFO     utils.common_flows:common_flows.py:383 متن صفحه شماره تلفن، صحیح است: در ادامه کد تایید برای شما ارسال می‌شود
INFO     utils.common_flows:common_flows.py:394 شماره تلفن وارد شد: 09172289542
INFO     utils.common_flows:common_flows.py:399 دکمه 'بعدی' کلیک شد.
INFO     utils.common_flows:common_flows.py:409 متن ریفرال صحیح است: مانند:‌ MDMGKP
INFO     utils.common_flows:common_flows.py:423 متن صفحه ریفرال، صحیح است: کد معرف خود را وارد کنید (اختیاری)
INFO     utils.common_flows:common_flows.py:432 دکمه 'بعدی' کلیک شد.
INFO     utils.common_flows:common_flows.py:441 متن صفحه کدملی، صحیح است: کد ملی خود را وارد کنید
INFO     utils.common_flows:common_flows.py:455 متن کد ملی صحیح است: کد ملی ۱۰ رقمی
INFO     utils.common_flows:common_flows.py:464 کدملی وارد شد: 7318561121
INFO     utils.common_flows:common_flows.py:468 دکمه 'بعدی' کلیک شد.
INFO     utils.common_flows:common_flows.py:477 متن صفحه تاریخ تولد، صحیح است: تاریخ تولد خود را وارد کنید
INFO     utils.common_flows:common_flows.py:490 متن صفحه تاریخ تولد، صحیح است: ۱۳۸۵/۱۲/۰۸
INFO     utils.common_flows:common_flows.py:501 سال با موفقیت اسکرول شد.
INFO     utils.common_flows:common_flows.py:505 دکمه 'بعدی' کلیک شد.
INFO     utils.common_flows:common_flows.py:514 متن صفحه تاریخ تولد، صحیح است: نام کاربری دلخواه خود را وارد کنید
INFO     utils.common_flows:common_flows.py:527 متن صفحه تاریخ تولد، صحیح است: مانند: blu
INFO     utils.common_flows:common_flows.py:538 نام کاربری وارد شد: boxtest13
INFO     utils.common_flows:common_flows.py:542 دکمه 'بعدی' کلیک شد.
INFO     utils.common_flows:common_flows.py:551 متن صفحه رمزعبور، صحیح است: رمز عبور امنی برای خود انتخاب کنید
INFO     utils.common_flows:common_flows.py:564 متن صفحه رمزعبور، صحیح است: رمز عبور
INFO     utils.common_flows:common_flows.py:577 متن صفحه رمزعبور، صحیح است: شامل حروف کوچک و بزرگ انگلیسی
INFO     utils.common_flows:common_flows.py:590 متن صفحه رمزعبور، صحیح است: شامل حداقل ۸ کاراکتر
INFO     utils.common_flows:common_flows.py:603 متن صفحه رمزعبور، صحیح است: شامل عدد
INFO     utils.common_flows:common_flows.py:616 متن صفحه رمزعبور، صحیح است: رمز عبور شما همان رمز بانکی شماست!
INFO     utils.common_flows:common_flows.py:627 رمز عبور وارد شد.
INFO     utils.common_flows:common_flows.py:631 دکمه 'بعدی' کلیک شد.
INFO     utils.common_flows:common_flows.py:651 دکمه 'ادامه' کلیک شد.
INFO     utils.config:test_birth_certificate_old_upload.py:125 کلیک بر روی اولین شغل
INFO     utils.config:test_birth_certificate_old_upload.py:128 اولین شغل از لیست انتخاب شد.
INFO     utils.config:test_birth_certificate_old_upload.py:129 کلیک روی دکمه تایید...
INFO     utils.config:test_birth_certificate_old_upload.py:131 دکمه 'ادامه' کلیک شد.
INFO     utils.config:test_birth_certificate_old_upload.py:134 ویدیو آموزشی در حال پخش است ...
INFO     utils.config:test_birth_certificate_old_upload.py:137 ویدیو آموزشی پخش و بر روی ادامه کلیک شد.
INFO     utils.config:test_birth_certificate_old_upload.py:142 مجوز دوربین تأیید شد.
INFO     utils.config:test_birth_certificate_old_upload.py:144 محوز میکروفون تایید شد.
INFO     utils.config:test_birth_certificate_old_upload.py:151 دوربین سلفی جهت فیلم برداری باز شد...
INFO     utils.config:test_birth_certificate_old_upload.py:154 ضبط ویدیو شروع شد.
INFO     utils.config:test_birth_certificate_old_upload.py:157 ضبط ویدیو متوقف شد.
INFO     utils.config:test_birth_certificate_old_upload.py:159 ویدیو آپلود شد.
INFO     utils.config:test_birth_certificate_old_upload.py:164 آپلود ویدیو تایید شد.
INFO     utils.config:test_birth_certificate_old_upload.py:170 مراحل ایجاد حساب کاربری با موفقیت به پایان رسید.
INFO     utils.config:test_birth_certificate_old_upload.py:174 انتقال به صفحه ورود و بررسی نام کاربری...
INFO     utils.config:test_birth_certificate_old_upload.py:182 Username verification successful: boxtest13
INFO     utils.utils:conftest.py:42 Closing WebDriver connection.
INFO     utils.utils:conftest.py:33 Connecting to WebDriver on http://127.0.0.1:4723 for device 'Galaxy S24 Ultra'
INFO     utils.utils:conftest.py:85 App opened without logging in.
INFO     utils.common_flows:common_flows.py:28 Generated user info - Phone Number: 09185589589, National Code: 0055453120, Username: boxtest14
INFO     utils.common_flows:common_flows.py:35 Clicked on 'Allow' button for notification permission.
INFO     utils.common_flows:common_flows.py:40 کلیک روی دکمه 'ایجاد حساب کاربری'...
INFO     utils.common_flows:common_flows.py:45 دکمه 'ایجاد حساب کاربری' کلیک شد.
INFO     utils.common_flows:common_flows.py:53 Clicked on 'Allow' button for notification permission.
INFO     utils.common_flows:common_flows.py:59 کلیک روی دکمه 'باز کردن حساب'...
INFO     utils.common_flows:common_flows.py:62 دکمه 'باز کردن حساب' کلیک شد.
INFO     utils.common_flows:common_flows.py:66 انتخاب سرور 'UAT'...
INFO     utils.common_flows:common_flows.py:69 سرور 'UAT' انتخاب شد.
INFO     utils.common_flows:common_flows.py:187 کلیک روی دکمه 'شروع'...
INFO     utils.common_flows:common_flows.py:190 دکمه 'شروع' کلیک شد.
INFO     utils.common_flows:common_flows.py:199 متن صفحه موافقت با قوانین و شرایط، صحیح است: بازکردن حساب در بلو
INFO     utils.common_flows:common_flows.py:212 متن صفحه موافقت با قوانین و شرایط، صحیح است: تکمیل مراحل زیر، فقط چند دقیقه زمان نیاز دارد
INFO     utils.common_flows:common_flows.py:225 متن صفحه موافقت با قوانین و شرایط، صحیح است: ساخت حساب کاربری
INFO     utils.common_flows:common_flows.py:238 متن صفحه موافقت با قوانین و شرایط، صحیح است: در این مرحله اطلاعات خودتان را وارد می‌کنید و رمز عبور انتخاب می‌کنید.
INFO     utils.common_flows:common_flows.py:264 متن صفحه موافقت با قوانین و شرایط، صحیح است: شناسایی هویت شما
INFO     utils.common_flows:common_flows.py:277 متن صفحه موافقت با قوانین و شرایط، صحیح است: بررسی اطلاعات شما توسط بلو
INFO     utils.common_flows:common_flows.py:290 متن صفحه موافقت با قوانین و شرایط، صحیح است: سفارش رایگان بلوکارت
INFO     utils.common_flows:common_flows.py:303 متن صفحه موافقت با قوانین و شرایط، صحیح است: قوانین و شرایط را خواندم و قبول می‌کنم
INFO     utils.common_flows:common_flows.py:316 متن دکمه ادامه در صفحه موافقت با قوانین و شرایط، صحیح است: ادامه
INFO     utils.common_flows:common_flows.py:326 Initial switch status: OFF
INFO     utils.common_flows:common_flows.py:329 Switch status after toggle: ON
INFO     utils.common_flows:common_flows.py:333 کلیک روی دکمه 'تایید'...
INFO     utils.common_flows:common_flows.py:335 دکمه 'تایید' کلیک شد و به صفحه وارد کردن شماره تلفن هدایت شد.
INFO     utils.common_flows:common_flows.py:344 متن صفحه شماره تلفن، صحیح است: ساخت حساب کاربری
INFO     utils.common_flows:common_flows.py:357 متن صفحه شماره تلفن، صحیح است: شماره تلفن همراه خود را وارد کنید
INFO     utils.common_flows:common_flows.py:370 متن صفحه شماره تلفن، صحیح است: مانند: ۶۷۸۹ ۳۴۵ ۰۹۱۲
INFO     utils.common_flows:common_flows.py:383 متن صفحه شماره تلفن، صحیح است: در ادامه کد تایید برای شما ارسال می‌شود
INFO     utils.common_flows:common_flows.py:394 شماره تلفن وارد شد: 09185589589
INFO     utils.common_flows:common_flows.py:399 دکمه 'بعدی' کلیک شد.
INFO     utils.common_flows:common_flows.py:409 متن ریفرال صحیح است: مانند:‌ MDMGKP
INFO     utils.common_flows:common_flows.py:423 متن صفحه ریفرال، صحیح است: کد معرف خود را وارد کنید (اختیاری)
INFO     utils.common_flows:common_flows.py:432 دکمه 'بعدی' کلیک شد.
INFO     utils.common_flows:common_flows.py:441 متن صفحه کدملی، صحیح است: کد ملی خود را وارد کنید
INFO     utils.common_flows:common_flows.py:455 متن کد ملی صحیح است: کد ملی ۱۰ رقمی
INFO     utils.common_flows:common_flows.py:464 کدملی وارد شد: 0055453120
INFO     utils.common_flows:common_flows.py:468 دکمه 'بعدی' کلیک شد.
INFO     utils.common_flows:common_flows.py:477 متن صفحه تاریخ تولد، صحیح است: تاریخ تولد خود را وارد کنید
INFO     utils.common_flows:common_flows.py:490 متن صفحه تاریخ تولد، صحیح است: ۱۳۸۵/۱۲/۰۸
INFO     utils.common_flows:common_flows.py:501 سال با موفقیت اسکرول شد.
INFO     utils.common_flows:common_flows.py:505 دکمه 'بعدی' کلیک شد.
INFO     utils.common_flows:common_flows.py:514 متن صفحه تاریخ تولد، صحیح است: نام کاربری دلخواه خود را وارد کنید
INFO     utils.common_flows:common_flows.py:527 متن صفحه تاریخ تولد، صحیح است: مانند: blu
INFO     utils.common_flows:common_flows.py:538 نام کاربری وارد شد: boxtest14
INFO     utils.common_flows:common_flows.py:542 دکمه 'بعدی' کلیک شد.
ERROR    utils.common_flows:common_flows.py:553 خطا در بررسی متن صفحه رمزعبور: Expected 'رمز عبور امنی برای خود انتخاب کنید', but got 'نام کاربری دلخواه خود را وارد کنید'
ERROR    utils.common_flows:common_flows.py:654 خطا رخ داد: Message: 
Stacktrace:
NoSuchElementError: An element could not be located on the page using the given search parameters.
    at AndroidUiautomator2Driver.findElOrEls (C:\Users\a.jamshidi\.appium\node_modules\appium-uiautomator2-driver\node_modules\appium-android-driver\lib\commands\find.ts:86:11)
    at processTicksAndRejections (node:internal/process/task_queues:95:5)
    at AndroidUiautomator2Driver.findElOrElsWithProcessing (C:\Users\a.jamshidi\AppData\Roaming\npm\node_modules\appium\node_modules\@appium\base-driver\lib\basedriver\commands\find.ts:60:12)
    at AndroidUiautomator2Driver.findElement (C:\Users\a.jamshidi\AppData\Roaming\npm\node_modules\appium\node_modules\@appium\base-driver\lib\basedriver\commands\find.ts:75:12)
INFO     utils.utils:conftest.py:42 Closing WebDriver connection.
INFO     utils.utils:conftest.py:33 Connecting to WebDriver on http://127.0.0.1:4723 for device 'Galaxy S24 Ultra'
INFO     utils.utils:conftest.py:85 App opened without logging in.
INFO     utils.common_flows:common_flows.py:28 Generated user info - Phone Number: 09196458159, National Code: 0190998326, Username: boxtest15
INFO     utils.common_flows:common_flows.py:35 Clicked on 'Allow' button for notification permission.
INFO     utils.common_flows:common_flows.py:40 کلیک روی دکمه 'ایجاد حساب کاربری'...
INFO     utils.common_flows:common_flows.py:47 No nCreate Account button displayed, continuing.
INFO     utils.common_flows:common_flows.py:53 Clicked on 'Allow' button for notification permission.
INFO     utils.common_flows:common_flows.py:59 کلیک روی دکمه 'باز کردن حساب'...
INFO     utils.common_flows:common_flows.py:62 دکمه 'باز کردن حساب' کلیک شد.
INFO     utils.common_flows:common_flows.py:66 انتخاب سرور 'UAT'...
INFO     utils.common_flows:common_flows.py:69 سرور 'UAT' انتخاب شد.
INFO     utils.common_flows:common_flows.py:187 کلیک روی دکمه 'شروع'...
INFO     utils.common_flows:common_flows.py:190 دکمه 'شروع' کلیک شد.
INFO     utils.common_flows:common_flows.py:199 متن صفحه موافقت با قوانین و شرایط، صحیح است: بازکردن حساب در بلو
INFO     utils.common_flows:common_flows.py:212 متن صفحه موافقت با قوانین و شرایط، صحیح است: تکمیل مراحل زیر، فقط چند دقیقه زمان نیاز دارد
INFO     utils.common_flows:common_flows.py:225 متن صفحه موافقت با قوانین و شرایط، صحیح است: ساخت حساب کاربری
INFO     utils.common_flows:common_flows.py:238 متن صفحه موافقت با قوانین و شرایط، صحیح است: در این مرحله اطلاعات خودتان را وارد می‌کنید و رمز عبور انتخاب می‌کنید.
INFO     utils.common_flows:common_flows.py:264 متن صفحه موافقت با قوانین و شرایط، صحیح است: شناسایی هویت شما
INFO     utils.common_flows:common_flows.py:277 متن صفحه موافقت با قوانین و شرایط، صحیح است: بررسی اطلاعات شما توسط بلو
INFO     utils.common_flows:common_flows.py:290 متن صفحه موافقت با قوانین و شرایط، صحیح است: سفارش رایگان بلوکارت
INFO     utils.common_flows:common_flows.py:303 متن صفحه موافقت با قوانین و شرایط، صحیح است: قوانین و شرایط را خواندم و قبول می‌کنم
INFO     utils.common_flows:common_flows.py:316 متن دکمه ادامه در صفحه موافقت با قوانین و شرایط، صحیح است: ادامه
INFO     utils.common_flows:common_flows.py:326 Initial switch status: OFF
INFO     utils.common_flows:common_flows.py:329 Switch status after toggle: ON
INFO     utils.common_flows:common_flows.py:333 کلیک روی دکمه 'تایید'...
INFO     utils.common_flows:common_flows.py:335 دکمه 'تایید' کلیک شد و به صفحه وارد کردن شماره تلفن هدایت شد.
INFO     utils.common_flows:common_flows.py:344 متن صفحه شماره تلفن، صحیح است: ساخت حساب کاربری
INFO     utils.common_flows:common_flows.py:357 متن صفحه شماره تلفن، صحیح است: شماره تلفن همراه خود را وارد کنید
INFO     utils.common_flows:common_flows.py:370 متن صفحه شماره تلفن، صحیح است: مانند: ۶۷۸۹ ۳۴۵ ۰۹۱۲
INFO     utils.common_flows:common_flows.py:383 متن صفحه شماره تلفن، صحیح است: در ادامه کد تایید برای شما ارسال می‌شود
INFO     utils.common_flows:common_flows.py:394 شماره تلفن وارد شد: 09196458159
INFO     utils.common_flows:common_flows.py:399 دکمه 'بعدی' کلیک شد.
INFO     utils.common_flows:common_flows.py:409 متن ریفرال صحیح است: مانند:‌ MDMGKP
INFO     utils.common_flows:common_flows.py:423 متن صفحه ریفرال، صحیح است: کد معرف خود را وارد کنید (اختیاری)
INFO     utils.common_flows:common_flows.py:432 دکمه 'بعدی' کلیک شد.
INFO     utils.common_flows:common_flows.py:441 متن صفحه کدملی، صحیح است: کد ملی خود را وارد کنید
INFO     utils.common_flows:common_flows.py:455 متن کد ملی صحیح است: کد ملی ۱۰ رقمی
INFO     utils.common_flows:common_flows.py:464 کدملی وارد شد: 0190998326
INFO     utils.common_flows:common_flows.py:468 دکمه 'بعدی' کلیک شد.
ERROR    utils.common_flows:common_flows.py:654 خطا رخ داد: Message: 
Stacktrace:
NoSuchElementError: An element could not be located on the page using the given search parameters.
    at AndroidUiautomator2Driver.findElOrEls (C:\Users\a.jamshidi\.appium\node_modules\appium-uiautomator2-driver\node_modules\appium-android-driver\lib\commands\find.ts:86:11)
    at processTicksAndRejections (node:internal/process/task_queues:95:5)
    at AndroidUiautomator2Driver.findElOrElsWithProcessing (C:\Users\a.jamshidi\AppData\Roaming\npm\node_modules\appium\node_modules\@appium\base-driver\lib\basedriver\commands\find.ts:60:12)
    at AndroidUiautomator2Driver.findElement (C:\Users\a.jamshidi\AppData\Roaming\npm\node_modules\appium\node_modules\@appium\base-driver\lib\basedriver\commands\find.ts:75:12)
INFO     utils.utils:conftest.py:42 Closing WebDriver connection.
INFO     utils.utils:conftest.py:33 Connecting to WebDriver on http://127.0.0.1:4723 for device 'Galaxy S24 Ultra'
INFO     utils.utils:conftest.py:85 App opened without logging in.
INFO     utils.common_flows:common_flows.py:28 Generated user info - Phone Number: 09137263203, National Code: 4405848955, Username: boxtest16
INFO     utils.common_flows:common_flows.py:35 Clicked on 'Allow' button for notification permission.
INFO     utils.common_flows:common_flows.py:40 کلیک روی دکمه 'ایجاد حساب کاربری'...
INFO     utils.common_flows:common_flows.py:47 No nCreate Account button displayed, continuing.
INFO     utils.common_flows:common_flows.py:53 Clicked on 'Allow' button for notification permission.
INFO     utils.common_flows:common_flows.py:59 کلیک روی دکمه 'باز کردن حساب'...
INFO     utils.common_flows:common_flows.py:62 دکمه 'باز کردن حساب' کلیک شد.
INFO     utils.common_flows:common_flows.py:66 انتخاب سرور 'UAT'...
INFO     utils.common_flows:common_flows.py:69 سرور 'UAT' انتخاب شد.
INFO     utils.common_flows:common_flows.py:187 کلیک روی دکمه 'شروع'...
INFO     utils.common_flows:common_flows.py:190 دکمه 'شروع' کلیک شد.
INFO     utils.common_flows:common_flows.py:199 متن صفحه موافقت با قوانین و شرایط، صحیح است: بازکردن حساب در بلو
INFO     utils.common_flows:common_flows.py:212 متن صفحه موافقت با قوانین و شرایط، صحیح است: تکمیل مراحل زیر، فقط چند دقیقه زمان نیاز دارد
INFO     utils.common_flows:common_flows.py:225 متن صفحه موافقت با قوانین و شرایط، صحیح است: ساخت حساب کاربری
INFO     utils.common_flows:common_flows.py:238 متن صفحه موافقت با قوانین و شرایط، صحیح است: در این مرحله اطلاعات خودتان را وارد می‌کنید و رمز عبور انتخاب می‌کنید.
INFO     utils.common_flows:common_flows.py:264 متن صفحه موافقت با قوانین و شرایط، صحیح است: شناسایی هویت شما
INFO     utils.common_flows:common_flows.py:277 متن صفحه موافقت با قوانین و شرایط، صحیح است: بررسی اطلاعات شما توسط بلو
INFO     utils.common_flows:common_flows.py:290 متن صفحه موافقت با قوانین و شرایط، صحیح است: سفارش رایگان بلوکارت
INFO     utils.common_flows:common_flows.py:303 متن صفحه موافقت با قوانین و شرایط، صحیح است: قوانین و شرایط را خواندم و قبول می‌کنم
INFO     utils.common_flows:common_flows.py:316 متن دکمه ادامه در صفحه موافقت با قوانین و شرایط، صحیح است: ادامه
INFO     utils.common_flows:common_flows.py:326 Initial switch status: OFF
INFO     utils.common_flows:common_flows.py:329 Switch status after toggle: ON
INFO     utils.common_flows:common_flows.py:333 کلیک روی دکمه 'تایید'...
INFO     utils.common_flows:common_flows.py:335 دکمه 'تایید' کلیک شد و به صفحه وارد کردن شماره تلفن هدایت شد.
INFO     utils.common_flows:common_flows.py:344 متن صفحه شماره تلفن، صحیح است: ساخت حساب کاربری
INFO     utils.common_flows:common_flows.py:357 متن صفحه شماره تلفن، صحیح است: شماره تلفن همراه خود را وارد کنید
INFO     utils.common_flows:common_flows.py:370 متن صفحه شماره تلفن، صحیح است: مانند: ۶۷۸۹ ۳۴۵ ۰۹۱۲
INFO     utils.common_flows:common_flows.py:383 متن صفحه شماره تلفن، صحیح است: در ادامه کد تایید برای شما ارسال می‌شود
INFO     utils.common_flows:common_flows.py:394 شماره تلفن وارد شد: 09137263203
INFO     utils.common_flows:common_flows.py:399 دکمه 'بعدی' کلیک شد.
INFO     utils.common_flows:common_flows.py:409 متن ریفرال صحیح است: مانند:‌ MDMGKP
INFO     utils.common_flows:common_flows.py:423 متن صفحه ریفرال، صحیح است: کد معرف خود را وارد کنید (اختیاری)
INFO     utils.common_flows:common_flows.py:432 دکمه 'بعدی' کلیک شد.
INFO     utils.common_flows:common_flows.py:441 متن صفحه کدملی، صحیح است: کد ملی خود را وارد کنید
INFO     utils.common_flows:common_flows.py:455 متن کد ملی صحیح است: کد ملی ۱۰ رقمی
INFO     utils.common_flows:common_flows.py:464 کدملی وارد شد: 4405848955
INFO     utils.common_flows:common_flows.py:468 دکمه 'بعدی' کلیک شد.
ERROR    utils.common_flows:common_flows.py:654 خطا رخ داد: Message: 
Stacktrace:
NoSuchElementError: An element could not be located on the page using the given search parameters.
    at AndroidUiautomator2Driver.findElOrEls (C:\Users\a.jamshidi\.appium\node_modules\appium-uiautomator2-driver\node_modules\appium-android-driver\lib\commands\find.ts:86:11)
    at processTicksAndRejections (node:internal/process/task_queues:95:5)
    at AndroidUiautomator2Driver.findElOrElsWithProcessing (C:\Users\a.jamshidi\AppData\Roaming\npm\node_modules\appium\node_modules\@appium\base-driver\lib\basedriver\commands\find.ts:60:12)
    at AndroidUiautomator2Driver.findElement (C:\Users\a.jamshidi\AppData\Roaming\npm\node_modules\appium\node_modules\@appium\base-driver\lib\basedriver\commands\find.ts:75:12)
INFO     utils.utils:conftest.py:42 Closing WebDriver connection.
INFO     utils.utils:conftest.py:33 Connecting to WebDriver on http://127.0.0.1:4723 for device 'Galaxy S24 Ultra'
INFO     utils.utils:conftest.py:85 App opened without logging in.
INFO     utils.common_flows:common_flows.py:28 Generated user info - Phone Number: 09127269833, National Code: 6966247006, Username: boxtest17
INFO     utils.common_flows:common_flows.py:35 Clicked on 'Allow' button for notification permission.
INFO     utils.common_flows:common_flows.py:40 کلیک روی دکمه 'ایجاد حساب کاربری'...
INFO     utils.common_flows:common_flows.py:47 No nCreate Account button displayed, continuing.
INFO     utils.common_flows:common_flows.py:53 Clicked on 'Allow' button for notification permission.
INFO     utils.common_flows:common_flows.py:59 کلیک روی دکمه 'باز کردن حساب'...
INFO     utils.common_flows:common_flows.py:62 دکمه 'باز کردن حساب' کلیک شد.
INFO     utils.common_flows:common_flows.py:66 انتخاب سرور 'UAT'...
INFO     utils.common_flows:common_flows.py:69 سرور 'UAT' انتخاب شد.
INFO     utils.common_flows:common_flows.py:187 کلیک روی دکمه 'شروع'...
INFO     utils.common_flows:common_flows.py:190 دکمه 'شروع' کلیک شد.
INFO     utils.common_flows:common_flows.py:199 متن صفحه موافقت با قوانین و شرایط، صحیح است: بازکردن حساب در بلو
INFO     utils.common_flows:common_flows.py:212 متن صفحه موافقت با قوانین و شرایط، صحیح است: تکمیل مراحل زیر، فقط چند دقیقه زمان نیاز دارد
INFO     utils.common_flows:common_flows.py:225 متن صفحه موافقت با قوانین و شرایط، صحیح است: ساخت حساب کاربری
INFO     utils.common_flows:common_flows.py:238 متن صفحه موافقت با قوانین و شرایط، صحیح است: در این مرحله اطلاعات خودتان را وارد می‌کنید و رمز عبور انتخاب می‌کنید.
INFO     utils.common_flows:common_flows.py:264 متن صفحه موافقت با قوانین و شرایط، صحیح است: شناسایی هویت شما
INFO     utils.common_flows:common_flows.py:277 متن صفحه موافقت با قوانین و شرایط، صحیح است: بررسی اطلاعات شما توسط بلو
INFO     utils.common_flows:common_flows.py:290 متن صفحه موافقت با قوانین و شرایط، صحیح است: سفارش رایگان بلوکارت
INFO     utils.common_flows:common_flows.py:303 متن صفحه موافقت با قوانین و شرایط، صحیح است: قوانین و شرایط را خواندم و قبول می‌کنم
INFO     utils.common_flows:common_flows.py:316 متن دکمه ادامه در صفحه موافقت با قوانین و شرایط، صحیح است: ادامه
INFO     utils.common_flows:common_flows.py:326 Initial switch status: OFF
INFO     utils.common_flows:common_flows.py:329 Switch status after toggle: ON
INFO     utils.common_flows:common_flows.py:333 کلیک روی دکمه 'تایید'...
INFO     utils.common_flows:common_flows.py:335 دکمه 'تایید' کلیک شد و به صفحه وارد کردن شماره تلفن هدایت شد.
INFO     utils.common_flows:common_flows.py:344 متن صفحه شماره تلفن، صحیح است: ساخت حساب کاربری
INFO     utils.common_flows:common_flows.py:357 متن صفحه شماره تلفن، صحیح است: شماره تلفن همراه خود را وارد کنید
INFO     utils.common_flows:common_flows.py:370 متن صفحه شماره تلفن، صحیح است: مانند: ۶۷۸۹ ۳۴۵ ۰۹۱۲
INFO     utils.common_flows:common_flows.py:383 متن صفحه شماره تلفن، صحیح است: در ادامه کد تایید برای شما ارسال می‌شود
INFO     utils.common_flows:common_flows.py:394 شماره تلفن وارد شد: 09127269833
INFO     utils.common_flows:common_flows.py:399 دکمه 'بعدی' کلیک شد.
INFO     utils.common_flows:common_flows.py:409 متن ریفرال صحیح است: مانند:‌ MDMGKP
INFO     utils.common_flows:common_flows.py:423 متن صفحه ریفرال، صحیح است: کد معرف خود را وارد کنید (اختیاری)
INFO     utils.common_flows:common_flows.py:432 دکمه 'بعدی' کلیک شد.
INFO     utils.common_flows:common_flows.py:441 متن صفحه کدملی، صحیح است: کد ملی خود را وارد کنید
INFO     utils.common_flows:common_flows.py:455 متن کد ملی صحیح است: کد ملی ۱۰ رقمی
INFO     utils.common_flows:common_flows.py:464 کدملی وارد شد: 6966247006
INFO     utils.common_flows:common_flows.py:468 دکمه 'بعدی' کلیک شد.
ERROR    utils.common_flows:common_flows.py:654 خطا رخ داد: Message: 
Stacktrace:
NoSuchElementError: An element could not be located on the page using the given search parameters.
    at AndroidUiautomator2Driver.findElOrEls (C:\Users\a.jamshidi\.appium\node_modules\appium-uiautomator2-driver\node_modules\appium-android-driver\lib\commands\find.ts:86:11)
    at processTicksAndRejections (node:internal/process/task_queues:95:5)
    at AndroidUiautomator2Driver.findElOrElsWithProcessing (C:\Users\a.jamshidi\AppData\Roaming\npm\node_modules\appium\node_modules\@appium\base-driver\lib\basedriver\commands\find.ts:60:12)
    at AndroidUiautomator2Driver.findElement (C:\Users\a.jamshidi\AppData\Roaming\npm\node_modules\appium\node_modules\@appium\base-driver\lib\basedriver\commands\find.ts:75:12)
INFO     utils.utils:conftest.py:42 Closing WebDriver connection.
INFO     utils.utils:conftest.py:33 Connecting to WebDriver on http://127.0.0.1:4723 for device 'Galaxy S24 Ultra'
INFO     utils.utils:conftest.py:85 App opened without logging in.
INFO     utils.common_flows:common_flows.py:28 Generated user info - Phone Number: 09116948073, National Code: 6662950051, Username: boxtest18
INFO     utils.common_flows:common_flows.py:35 Clicked on 'Allow' button for notification permission.
INFO     utils.common_flows:common_flows.py:40 کلیک روی دکمه 'ایجاد حساب کاربری'...
INFO     utils.common_flows:common_flows.py:47 No nCreate Account button displayed, continuing.
INFO     utils.common_flows:common_flows.py:53 Clicked on 'Allow' button for notification permission.
INFO     utils.common_flows:common_flows.py:59 کلیک روی دکمه 'باز کردن حساب'...
INFO     utils.common_flows:common_flows.py:62 دکمه 'باز کردن حساب' کلیک شد.
INFO     utils.common_flows:common_flows.py:66 انتخاب سرور 'UAT'...
INFO     utils.common_flows:common_flows.py:69 سرور 'UAT' انتخاب شد.
INFO     utils.common_flows:common_flows.py:187 کلیک روی دکمه 'شروع'...
INFO     utils.common_flows:common_flows.py:190 دکمه 'شروع' کلیک شد.
INFO     utils.common_flows:common_flows.py:199 متن صفحه موافقت با قوانین و شرایط، صحیح است: بازکردن حساب در بلو
INFO     utils.common_flows:common_flows.py:212 متن صفحه موافقت با قوانین و شرایط، صحیح است: تکمیل مراحل زیر، فقط چند دقیقه زمان نیاز دارد
INFO     utils.common_flows:common_flows.py:225 متن صفحه موافقت با قوانین و شرایط، صحیح است: ساخت حساب کاربری
INFO     utils.common_flows:common_flows.py:238 متن صفحه موافقت با قوانین و شرایط، صحیح است: در این مرحله اطلاعات خودتان را وارد می‌کنید و رمز عبور انتخاب می‌کنید.
INFO     utils.common_flows:common_flows.py:264 متن صفحه موافقت با قوانین و شرایط، صحیح است: شناسایی هویت شما
INFO     utils.common_flows:common_flows.py:277 متن صفحه موافقت با قوانین و شرایط، صحیح است: بررسی اطلاعات شما توسط بلو
INFO     utils.common_flows:common_flows.py:290 متن صفحه موافقت با قوانین و شرایط، صحیح است: سفارش رایگان بلوکارت
INFO     utils.common_flows:common_flows.py:303 متن صفحه موافقت با قوانین و شرایط، صحیح است: قوانین و شرایط را خواندم و قبول می‌کنم
INFO     utils.common_flows:common_flows.py:316 متن دکمه ادامه در صفحه موافقت با قوانین و شرایط، صحیح است: ادامه
INFO     utils.common_flows:common_flows.py:326 Initial switch status: OFF
INFO     utils.common_flows:common_flows.py:329 Switch status after toggle: ON
INFO     utils.common_flows:common_flows.py:333 کلیک روی دکمه 'تایید'...
INFO     utils.common_flows:common_flows.py:335 دکمه 'تایید' کلیک شد و به صفحه وارد کردن شماره تلفن هدایت شد.
INFO     utils.common_flows:common_flows.py:344 متن صفحه شماره تلفن، صحیح است: ساخت حساب کاربری
INFO     utils.common_flows:common_flows.py:357 متن صفحه شماره تلفن، صحیح است: شماره تلفن همراه خود را وارد کنید
INFO     utils.common_flows:common_flows.py:370 متن صفحه شماره تلفن، صحیح است: مانند: ۶۷۸۹ ۳۴۵ ۰۹۱۲
INFO     utils.common_flows:common_flows.py:383 متن صفحه شماره تلفن، صحیح است: در ادامه کد تایید برای شما ارسال می‌شود
INFO     utils.common_flows:common_flows.py:394 شماره تلفن وارد شد: 09116948073
INFO     utils.common_flows:common_flows.py:399 دکمه 'بعدی' کلیک شد.
INFO     utils.common_flows:common_flows.py:409 متن ریفرال صحیح است: مانند:‌ MDMGKP
INFO     utils.common_flows:common_flows.py:423 متن صفحه ریفرال، صحیح است: کد معرف خود را وارد کنید (اختیاری)
INFO     utils.common_flows:common_flows.py:432 دکمه 'بعدی' کلیک شد.
INFO     utils.common_flows:common_flows.py:441 متن صفحه کدملی، صحیح است: کد ملی خود را وارد کنید
INFO     utils.common_flows:common_flows.py:455 متن کد ملی صحیح است: کد ملی ۱۰ رقمی
INFO     utils.common_flows:common_flows.py:464 کدملی وارد شد: 6662950051
INFO     utils.common_flows:common_flows.py:468 دکمه 'بعدی' کلیک شد.
ERROR    utils.common_flows:common_flows.py:654 خطا رخ داد: Message: 
Stacktrace:
NoSuchElementError: An element could not be located on the page using the given search parameters.
    at AndroidUiautomator2Driver.findElOrEls (C:\Users\a.jamshidi\.appium\node_modules\appium-uiautomator2-driver\node_modules\appium-android-driver\lib\commands\find.ts:86:11)
    at processTicksAndRejections (node:internal/process/task_queues:95:5)
    at AndroidUiautomator2Driver.findElOrElsWithProcessing (C:\Users\a.jamshidi\AppData\Roaming\npm\node_modules\appium\node_modules\@appium\base-driver\lib\basedriver\commands\find.ts:60:12)
    at AndroidUiautomator2Driver.findElement (C:\Users\a.jamshidi\AppData\Roaming\npm\node_modules\appium\node_modules\@appium\base-driver\lib\basedriver\commands\find.ts:75:12)
INFO     utils.utils:conftest.py:42 Closing WebDriver connection.
INFO     utils.utils:conftest.py:33 Connecting to WebDriver on http://127.0.0.1:4723 for device 'Galaxy S24 Ultra'
INFO     utils.utils:conftest.py:85 App opened without logging in.
INFO     utils.common_flows:common_flows.py:28 Generated user info - Phone Number: 09100094086, National Code: 9714792053, Username: boxtest19
INFO     utils.common_flows:common_flows.py:35 Clicked on 'Allow' button for notification permission.
INFO     utils.common_flows:common_flows.py:40 کلیک روی دکمه 'ایجاد حساب کاربری'...
INFO     utils.common_flows:common_flows.py:47 No nCreate Account button displayed, continuing.
INFO     utils.common_flows:common_flows.py:53 Clicked on 'Allow' button for notification permission.
INFO     utils.common_flows:common_flows.py:59 کلیک روی دکمه 'باز کردن حساب'...
INFO     utils.common_flows:common_flows.py:62 دکمه 'باز کردن حساب' کلیک شد.
INFO     utils.common_flows:common_flows.py:66 انتخاب سرور 'UAT'...
INFO     utils.common_flows:common_flows.py:69 سرور 'UAT' انتخاب شد.
INFO     utils.common_flows:common_flows.py:187 کلیک روی دکمه 'شروع'...
INFO     utils.common_flows:common_flows.py:190 دکمه 'شروع' کلیک شد.
INFO     utils.common_flows:common_flows.py:199 متن صفحه موافقت با قوانین و شرایط، صحیح است: بازکردن حساب در بلو
INFO     utils.common_flows:common_flows.py:212 متن صفحه موافقت با قوانین و شرایط، صحیح است: تکمیل مراحل زیر، فقط چند دقیقه زمان نیاز دارد
INFO     utils.common_flows:common_flows.py:225 متن صفحه موافقت با قوانین و شرایط، صحیح است: ساخت حساب کاربری
INFO     utils.common_flows:common_flows.py:238 متن صفحه موافقت با قوانین و شرایط، صحیح است: در این مرحله اطلاعات خودتان را وارد می‌کنید و رمز عبور انتخاب می‌کنید.
INFO     utils.common_flows:common_flows.py:264 متن صفحه موافقت با قوانین و شرایط، صحیح است: شناسایی هویت شما
INFO     utils.common_flows:common_flows.py:277 متن صفحه موافقت با قوانین و شرایط، صحیح است: بررسی اطلاعات شما توسط بلو
INFO     utils.common_flows:common_flows.py:290 متن صفحه موافقت با قوانین و شرایط، صحیح است: سفارش رایگان بلوکارت
INFO     utils.common_flows:common_flows.py:303 متن صفحه موافقت با قوانین و شرایط، صحیح است: قوانین و شرایط را خواندم و قبول می‌کنم
INFO     utils.common_flows:common_flows.py:316 متن دکمه ادامه در صفحه موافقت با قوانین و شرایط، صحیح است: ادامه
INFO     utils.common_flows:common_flows.py:326 Initial switch status: OFF
INFO     utils.common_flows:common_flows.py:329 Switch status after toggle: ON
INFO     utils.common_flows:common_flows.py:333 کلیک روی دکمه 'تایید'...
INFO     utils.common_flows:common_flows.py:335 دکمه 'تایید' کلیک شد و به صفحه وارد کردن شماره تلفن هدایت شد.
INFO     utils.common_flows:common_flows.py:344 متن صفحه شماره تلفن، صحیح است: ساخت حساب کاربری
INFO     utils.common_flows:common_flows.py:357 متن صفحه شماره تلفن، صحیح است: شماره تلفن همراه خود را وارد کنید
INFO     utils.common_flows:common_flows.py:370 متن صفحه شماره تلفن، صحیح است: مانند: ۶۷۸۹ ۳۴۵ ۰۹۱۲
INFO     utils.common_flows:common_flows.py:383 متن صفحه شماره تلفن، صحیح است: در ادامه کد تایید برای شما ارسال می‌شود
INFO     utils.common_flows:common_flows.py:394 شماره تلفن وارد شد: 09100094086
INFO     utils.common_flows:common_flows.py:399 دکمه 'بعدی' کلیک شد.
INFO     utils.common_flows:common_flows.py:409 متن ریفرال صحیح است: مانند:‌ MDMGKP
INFO     utils.common_flows:common_flows.py:423 متن صفحه ریفرال، صحیح است: کد معرف خود را وارد کنید (اختیاری)
INFO     utils.common_flows:common_flows.py:432 دکمه 'بعدی' کلیک شد.
INFO     utils.common_flows:common_flows.py:441 متن صفحه کدملی، صحیح است: کد ملی خود را وارد کنید
INFO     utils.common_flows:common_flows.py:455 متن کد ملی صحیح است: کد ملی ۱۰ رقمی
INFO     utils.common_flows:common_flows.py:464 کدملی وارد شد: 9714792053
INFO     utils.common_flows:common_flows.py:468 دکمه 'بعدی' کلیک شد.
ERROR    utils.common_flows:common_flows.py:654 خطا رخ داد: Message: 
Stacktrace:
NoSuchElementError: An element could not be located on the page using the given search parameters.
    at AndroidUiautomator2Driver.findElOrEls (C:\Users\a.jamshidi\.appium\node_modules\appium-uiautomator2-driver\node_modules\appium-android-driver\lib\commands\find.ts:86:11)
    at processTicksAndRejections (node:internal/process/task_queues:95:5)
    at AndroidUiautomator2Driver.findElOrElsWithProcessing (C:\Users\a.jamshidi\AppData\Roaming\npm\node_modules\appium\node_modules\@appium\base-driver\lib\basedriver\commands\find.ts:60:12)
    at AndroidUiautomator2Driver.findElement (C:\Users\a.jamshidi\AppData\Roaming\npm\node_modules\appium\node_modules\@appium\base-driver\lib\basedriver\commands\find.ts:75:12)
INFO     utils.utils:conftest.py:42 Closing WebDriver connection.
INFO     utils.utils:conftest.py:33 Connecting to WebDriver on http://127.0.0.1:4723 for device 'Galaxy S24 Ultra'
INFO     utils.utils:conftest.py:85 App opened without logging in.
INFO     utils.common_flows:common_flows.py:28 Generated user info - Phone Number: 09181245878, National Code: 8998703254, Username: boxtest20
INFO     utils.common_flows:common_flows.py:35 Clicked on 'Allow' button for notification permission.
INFO     utils.common_flows:common_flows.py:40 کلیک روی دکمه 'ایجاد حساب کاربری'...
INFO     utils.common_flows:common_flows.py:47 No nCreate Account button displayed, continuing.
INFO     utils.common_flows:common_flows.py:53 Clicked on 'Allow' button for notification permission.
INFO     utils.common_flows:common_flows.py:59 کلیک روی دکمه 'باز کردن حساب'...
INFO     utils.common_flows:common_flows.py:62 دکمه 'باز کردن حساب' کلیک شد.
INFO     utils.common_flows:common_flows.py:66 انتخاب سرور 'UAT'...
INFO     utils.common_flows:common_flows.py:69 سرور 'UAT' انتخاب شد.
INFO     utils.common_flows:common_flows.py:187 کلیک روی دکمه 'شروع'...
INFO     utils.common_flows:common_flows.py:190 دکمه 'شروع' کلیک شد.
INFO     utils.common_flows:common_flows.py:199 متن صفحه موافقت با قوانین و شرایط، صحیح است: بازکردن حساب در بلو
INFO     utils.common_flows:common_flows.py:212 متن صفحه موافقت با قوانین و شرایط، صحیح است: تکمیل مراحل زیر، فقط چند دقیقه زمان نیاز دارد
INFO     utils.common_flows:common_flows.py:225 متن صفحه موافقت با قوانین و شرایط، صحیح است: ساخت حساب کاربری
INFO     utils.common_flows:common_flows.py:238 متن صفحه موافقت با قوانین و شرایط، صحیح است: در این مرحله اطلاعات خودتان را وارد می‌کنید و رمز عبور انتخاب می‌کنید.
INFO     utils.common_flows:common_flows.py:264 متن صفحه موافقت با قوانین و شرایط، صحیح است: شناسایی هویت شما
INFO     utils.common_flows:common_flows.py:277 متن صفحه موافقت با قوانین و شرایط، صحیح است: بررسی اطلاعات شما توسط بلو
INFO     utils.common_flows:common_flows.py:290 متن صفحه موافقت با قوانین و شرایط، صحیح است: سفارش رایگان بلوکارت
INFO     utils.common_flows:common_flows.py:303 متن صفحه موافقت با قوانین و شرایط، صحیح است: قوانین و شرایط را خواندم و قبول می‌کنم
INFO     utils.common_flows:common_flows.py:316 متن دکمه ادامه در صفحه موافقت با قوانین و شرایط، صحیح است: ادامه
INFO     utils.common_flows:common_flows.py:326 Initial switch status: OFF
INFO     utils.common_flows:common_flows.py:329 Switch status after toggle: ON
INFO     utils.common_flows:common_flows.py:333 کلیک روی دکمه 'تایید'...
INFO     utils.common_flows:common_flows.py:335 دکمه 'تایید' کلیک شد و به صفحه وارد کردن شماره تلفن هدایت شد.
INFO     utils.common_flows:common_flows.py:344 متن صفحه شماره تلفن، صحیح است: ساخت حساب کاربری
INFO     utils.common_flows:common_flows.py:357 متن صفحه شماره تلفن، صحیح است: شماره تلفن همراه خود را وارد کنید
INFO     utils.common_flows:common_flows.py:370 متن صفحه شماره تلفن، صحیح است: مانند: ۶۷۸۹ ۳۴۵ ۰۹۱۲
INFO     utils.common_flows:common_flows.py:383 متن صفحه شماره تلفن، صحیح است: در ادامه کد تایید برای شما ارسال می‌شود
INFO     utils.common_flows:common_flows.py:394 شماره تلفن وارد شد: 09181245878
INFO     utils.common_flows:common_flows.py:399 دکمه 'بعدی' کلیک شد.
INFO     utils.common_flows:common_flows.py:409 متن ریفرال صحیح است: مانند:‌ MDMGKP
INFO     utils.common_flows:common_flows.py:423 متن صفحه ریفرال، صحیح است: کد معرف خود را وارد کنید (اختیاری)
INFO     utils.common_flows:common_flows.py:432 دکمه 'بعدی' کلیک شد.
INFO     utils.common_flows:common_flows.py:441 متن صفحه کدملی، صحیح است: کد ملی خود را وارد کنید
INFO     utils.common_flows:common_flows.py:455 متن کد ملی صحیح است: کد ملی ۱۰ رقمی
INFO     utils.common_flows:common_flows.py:464 کدملی وارد شد: 8998703254
INFO     utils.common_flows:common_flows.py:468 دکمه 'بعدی' کلیک شد.
ERROR    utils.common_flows:common_flows.py:654 خطا رخ داد: Message: 
Stacktrace:
NoSuchElementError: An element could not be located on the page using the given search parameters.
    at AndroidUiautomator2Driver.findElOrEls (C:\Users\a.jamshidi\.appium\node_modules\appium-uiautomator2-driver\node_modules\appium-android-driver\lib\commands\find.ts:86:11)
    at processTicksAndRejections (node:internal/process/task_queues:95:5)
    at AndroidUiautomator2Driver.findElOrElsWithProcessing (C:\Users\a.jamshidi\AppData\Roaming\npm\node_modules\appium\node_modules\@appium\base-driver\lib\basedriver\commands\find.ts:60:12)
    at AndroidUiautomator2Driver.findElement (C:\Users\a.jamshidi\AppData\Roaming\npm\node_modules\appium\node_modules\@appium\base-driver\lib\basedriver\commands\find.ts:75:12)
INFO     utils.utils:conftest.py:42 Closing WebDriver connection.
INFO     utils.utils:conftest.py:33 Connecting to WebDriver on http://127.0.0.1:4723 for device 'Galaxy S24 Ultra'
INFO     utils.utils:conftest.py:85 App opened without logging in.
INFO     utils.common_flows:common_flows.py:28 Generated user info - Phone Number: 09183382267, National Code: 1224204212, Username: boxtest21
INFO     utils.common_flows:common_flows.py:35 Clicked on 'Allow' button for notification permission.
INFO     utils.common_flows:common_flows.py:40 کلیک روی دکمه 'ایجاد حساب کاربری'...
INFO     utils.common_flows:common_flows.py:47 No nCreate Account button displayed, continuing.
INFO     utils.common_flows:common_flows.py:53 Clicked on 'Allow' button for notification permission.
INFO     utils.common_flows:common_flows.py:59 کلیک روی دکمه 'باز کردن حساب'...
INFO     utils.common_flows:common_flows.py:62 دکمه 'باز کردن حساب' کلیک شد.
INFO     utils.common_flows:common_flows.py:66 انتخاب سرور 'UAT'...
INFO     utils.common_flows:common_flows.py:69 سرور 'UAT' انتخاب شد.
INFO     utils.common_flows:common_flows.py:187 کلیک روی دکمه 'شروع'...
INFO     utils.common_flows:common_flows.py:190 دکمه 'شروع' کلیک شد.
INFO     utils.common_flows:common_flows.py:199 متن صفحه موافقت با قوانین و شرایط، صحیح است: بازکردن حساب در بلو
INFO     utils.common_flows:common_flows.py:212 متن صفحه موافقت با قوانین و شرایط، صحیح است: تکمیل مراحل زیر، فقط چند دقیقه زمان نیاز دارد
INFO     utils.common_flows:common_flows.py:225 متن صفحه موافقت با قوانین و شرایط، صحیح است: ساخت حساب کاربری
INFO     utils.common_flows:common_flows.py:238 متن صفحه موافقت با قوانین و شرایط، صحیح است: در این مرحله اطلاعات خودتان را وارد می‌کنید و رمز عبور انتخاب می‌کنید.
INFO     utils.common_flows:common_flows.py:264 متن صفحه موافقت با قوانین و شرایط، صحیح است: شناسایی هویت شما
INFO     utils.common_flows:common_flows.py:277 متن صفحه موافقت با قوانین و شرایط، صحیح است: بررسی اطلاعات شما توسط بلو
INFO     utils.common_flows:common_flows.py:290 متن صفحه موافقت با قوانین و شرایط، صحیح است: سفارش رایگان بلوکارت
INFO     utils.common_flows:common_flows.py:303 متن صفحه موافقت با قوانین و شرایط، صحیح است: قوانین و شرایط را خواندم و قبول می‌کنم
INFO     utils.common_flows:common_flows.py:316 متن دکمه ادامه در صفحه موافقت با قوانین و شرایط، صحیح است: ادامه
INFO     utils.common_flows:common_flows.py:326 Initial switch status: OFF
INFO     utils.common_flows:common_flows.py:329 Switch status after toggle: ON
INFO     utils.common_flows:common_flows.py:333 کلیک روی دکمه 'تایید'...
INFO     utils.common_flows:common_flows.py:335 دکمه 'تایید' کلیک شد و به صفحه وارد کردن شماره تلفن هدایت شد.
INFO     utils.common_flows:common_flows.py:344 متن صفحه شماره تلفن، صحیح است: ساخت حساب کاربری
INFO     utils.common_flows:common_flows.py:357 متن صفحه شماره تلفن، صحیح است: شماره تلفن همراه خود را وارد کنید
INFO     utils.common_flows:common_flows.py:370 متن صفحه شماره تلفن، صحیح است: مانند: ۶۷۸۹ ۳۴۵ ۰۹۱۲
INFO     utils.common_flows:common_flows.py:383 متن صفحه شماره تلفن، صحیح است: در ادامه کد تایید برای شما ارسال می‌شود
INFO     utils.common_flows:common_flows.py:394 شماره تلفن وارد شد: 09183382267
INFO     utils.common_flows:common_flows.py:399 دکمه 'بعدی' کلیک شد.
INFO     utils.common_flows:common_flows.py:409 متن ریفرال صحیح است: مانند:‌ MDMGKP
INFO     utils.common_flows:common_flows.py:423 متن صفحه ریفرال، صحیح است: کد معرف خود را وارد کنید (اختیاری)
INFO     utils.common_flows:common_flows.py:432 دکمه 'بعدی' کلیک شد.
INFO     utils.common_flows:common_flows.py:441 متن صفحه کدملی، صحیح است: کد ملی خود را وارد کنید
INFO     utils.common_flows:common_flows.py:455 متن کد ملی صحیح است: کد ملی ۱۰ رقمی
INFO     utils.common_flows:common_flows.py:464 کدملی وارد شد: 1224204212
INFO     utils.common_flows:common_flows.py:468 دکمه 'بعدی' کلیک شد.
ERROR    utils.common_flows:common_flows.py:654 خطا رخ داد: Message: 
Stacktrace:
NoSuchElementError: An element could not be located on the page using the given search parameters.
    at AndroidUiautomator2Driver.findElOrEls (C:\Users\a.jamshidi\.appium\node_modules\appium-uiautomator2-driver\node_modules\appium-android-driver\lib\commands\find.ts:86:11)
    at processTicksAndRejections (node:internal/process/task_queues:95:5)
    at AndroidUiautomator2Driver.findElOrElsWithProcessing (C:\Users\a.jamshidi\AppData\Roaming\npm\node_modules\appium\node_modules\@appium\base-driver\lib\basedriver\commands\find.ts:60:12)
    at AndroidUiautomator2Driver.findElement (C:\Users\a.jamshidi\AppData\Roaming\npm\node_modules\appium\node_modules\@appium\base-driver\lib\basedriver\commands\find.ts:75:12)
INFO     utils.utils:conftest.py:42 Closing WebDriver connection.
INFO     utils.utils:conftest.py:33 Connecting to WebDriver on http://127.0.0.1:4723 for device 'Galaxy S24 Ultra'
INFO     utils.utils:conftest.py:85 App opened without logging in.
INFO     utils.common_flows:common_flows.py:28 Generated user info - Phone Number: 09163689406, National Code: 1389761657, Username: boxtest22
INFO     utils.common_flows:common_flows.py:35 Clicked on 'Allow' button for notification permission.
INFO     utils.common_flows:common_flows.py:40 کلیک روی دکمه 'ایجاد حساب کاربری'...
INFO     utils.common_flows:common_flows.py:47 No nCreate Account button displayed, continuing.
INFO     utils.common_flows:common_flows.py:53 Clicked on 'Allow' button for notification permission.
INFO     utils.common_flows:common_flows.py:59 کلیک روی دکمه 'باز کردن حساب'...
INFO     utils.common_flows:common_flows.py:62 دکمه 'باز کردن حساب' کلیک شد.
INFO     utils.common_flows:common_flows.py:66 انتخاب سرور 'UAT'...
INFO     utils.common_flows:common_flows.py:69 سرور 'UAT' انتخاب شد.
INFO     utils.common_flows:common_flows.py:187 کلیک روی دکمه 'شروع'...
INFO     utils.common_flows:common_flows.py:190 دکمه 'شروع' کلیک شد.
INFO     utils.common_flows:common_flows.py:199 متن صفحه موافقت با قوانین و شرایط، صحیح است: بازکردن حساب در بلو
INFO     utils.common_flows:common_flows.py:212 متن صفحه موافقت با قوانین و شرایط، صحیح است: تکمیل مراحل زیر، فقط چند دقیقه زمان نیاز دارد
INFO     utils.common_flows:common_flows.py:225 متن صفحه موافقت با قوانین و شرایط، صحیح است: ساخت حساب کاربری
INFO     utils.common_flows:common_flows.py:238 متن صفحه موافقت با قوانین و شرایط، صحیح است: در این مرحله اطلاعات خودتان را وارد می‌کنید و رمز عبور انتخاب می‌کنید.
INFO     utils.common_flows:common_flows.py:264 متن صفحه موافقت با قوانین و شرایط، صحیح است: شناسایی هویت شما
INFO     utils.common_flows:common_flows.py:277 متن صفحه موافقت با قوانین و شرایط، صحیح است: بررسی اطلاعات شما توسط بلو
INFO     utils.common_flows:common_flows.py:290 متن صفحه موافقت با قوانین و شرایط، صحیح است: سفارش رایگان بلوکارت
INFO     utils.common_flows:common_flows.py:303 متن صفحه موافقت با قوانین و شرایط، صحیح است: قوانین و شرایط را خواندم و قبول می‌کنم
INFO     utils.common_flows:common_flows.py:316 متن دکمه ادامه در صفحه موافقت با قوانین و شرایط، صحیح است: ادامه
INFO     utils.common_flows:common_flows.py:326 Initial switch status: OFF
INFO     utils.common_flows:common_flows.py:329 Switch status after toggle: ON
INFO     utils.common_flows:common_flows.py:333 کلیک روی دکمه 'تایید'...
INFO     utils.common_flows:common_flows.py:335 دکمه 'تایید' کلیک شد و به صفحه وارد کردن شماره تلفن هدایت شد.
INFO     utils.common_flows:common_flows.py:344 متن صفحه شماره تلفن، صحیح است: ساخت حساب کاربری
INFO     utils.common_flows:common_flows.py:357 متن صفحه شماره تلفن، صحیح است: شماره تلفن همراه خود را وارد کنید
INFO     utils.common_flows:common_flows.py:370 متن صفحه شماره تلفن، صحیح است: مانند: ۶۷۸۹ ۳۴۵ ۰۹۱۲
INFO     utils.common_flows:common_flows.py:383 متن صفحه شماره تلفن، صحیح است: در ادامه کد تایید برای شما ارسال می‌شود
INFO     utils.common_flows:common_flows.py:394 شماره تلفن وارد شد: 09163689406
INFO     utils.common_flows:common_flows.py:399 دکمه 'بعدی' کلیک شد.
INFO     utils.common_flows:common_flows.py:409 متن ریفرال صحیح است: مانند:‌ MDMGKP
INFO     utils.common_flows:common_flows.py:423 متن صفحه ریفرال، صحیح است: کد معرف خود را وارد کنید (اختیاری)
INFO     utils.common_flows:common_flows.py:432 دکمه 'بعدی' کلیک شد.
INFO     utils.common_flows:common_flows.py:441 متن صفحه کدملی، صحیح است: کد ملی خود را وارد کنید
INFO     utils.common_flows:common_flows.py:455 متن کد ملی صحیح است: کد ملی ۱۰ رقمی
INFO     utils.common_flows:common_flows.py:464 کدملی وارد شد: 1389761657
INFO     utils.common_flows:common_flows.py:468 دکمه 'بعدی' کلیک شد.
ERROR    utils.common_flows:common_flows.py:654 خطا رخ داد: Message: 
Stacktrace:
NoSuchElementError: An element could not be located on the page using the given search parameters.
    at AndroidUiautomator2Driver.findElOrEls (C:\Users\a.jamshidi\.appium\node_modules\appium-uiautomator2-driver\node_modules\appium-android-driver\lib\commands\find.ts:86:11)
    at processTicksAndRejections (node:internal/process/task_queues:95:5)
    at AndroidUiautomator2Driver.findElOrElsWithProcessing (C:\Users\a.jamshidi\AppData\Roaming\npm\node_modules\appium\node_modules\@appium\base-driver\lib\basedriver\commands\find.ts:60:12)
    at AndroidUiautomator2Driver.findElement (C:\Users\a.jamshidi\AppData\Roaming\npm\node_modules\appium\node_modules\@appium\base-driver\lib\basedriver\commands\find.ts:75:12)
INFO     utils.utils:conftest.py:42 Closing WebDriver connection.
INFO     utils.utils:conftest.py:33 Connecting to WebDriver on http://127.0.0.1:4723 for device 'Galaxy S24 Ultra'
INFO     utils.utils:conftest.py:85 App opened without logging in.
INFO     utils.common_flows:common_flows.py:28 Generated user info - Phone Number: 09144321896, National Code: 1806808498, Username: boxtest23
INFO     utils.common_flows:common_flows.py:35 Clicked on 'Allow' button for notification permission.
INFO     utils.common_flows:common_flows.py:40 کلیک روی دکمه 'ایجاد حساب کاربری'...
INFO     utils.common_flows:common_flows.py:47 No nCreate Account button displayed, continuing.
INFO     utils.utils:conftest.py:42 Closing WebDriver connection.
